Archive member included to satisfy reference by file (symbol)

C:/ST/STM32CubeIDE_1.16.0/STM32CubeIDE/plugins/com.st.stm32cube.ide.mcu.externaltools.gnu-tools-for-stm32.12.3.rel1.win32_1.0.200.202406191623/tools/bin/../lib/gcc/arm-none-eabi/12.3.1/../../../../arm-none-eabi/lib/thumb/v7e-m+fp/hard\libc_nano.a(libc_a-assert.o)
                              ./Middlewares/Third_Party/OpenAMP/device.o (__assert_func)
C:/ST/STM32CubeIDE_1.16.0/STM32CubeIDE/plugins/com.st.stm32cube.ide.mcu.externaltools.gnu-tools-for-stm32.12.3.rel1.win32_1.0.200.202406191623/tools/bin/../lib/gcc/arm-none-eabi/12.3.1/../../../../arm-none-eabi/lib/thumb/v7e-m+fp/hard\libc_nano.a(libc_a-atoi.o)
                              ./Core/Src/main.o (atoi)
C:/ST/STM32CubeIDE_1.16.0/STM32CubeIDE/plugins/com.st.stm32cube.ide.mcu.externaltools.gnu-tools-for-stm32.12.3.rel1.win32_1.0.200.202406191623/tools/bin/../lib/gcc/arm-none-eabi/12.3.1/../../../../arm-none-eabi/lib/thumb/v7e-m+fp/hard\libc_nano.a(libc_a-exit.o)
                              C:/ST/STM32CubeIDE_1.16.0/STM32CubeIDE/plugins/com.st.stm32cube.ide.mcu.externaltools.gnu-tools-for-stm32.12.3.rel1.win32_1.0.200.202406191623/tools/bin/../lib/gcc/arm-none-eabi/12.3.1/../../../../arm-none-eabi/lib/thumb/v7e-m+fp/hard/crt0.o (exit)
C:/ST/STM32CubeIDE_1.16.0/STM32CubeIDE/plugins/com.st.stm32cube.ide.mcu.externaltools.gnu-tools-for-stm32.12.3.rel1.win32_1.0.200.202406191623/tools/bin/../lib/gcc/arm-none-eabi/12.3.1/../../../../arm-none-eabi/lib/thumb/v7e-m+fp/hard\libc_nano.a(libc_a-malloc.o)
                              ./Middlewares/Third_Party/OpenAMP/remoteproc_virtio.o (malloc)
C:/ST/STM32CubeIDE_1.16.0/STM32CubeIDE/plugins/com.st.stm32cube.ide.mcu.externaltools.gnu-tools-for-stm32.12.3.rel1.win32_1.0.200.202406191623/tools/bin/../lib/gcc/arm-none-eabi/12.3.1/../../../../arm-none-eabi/lib/thumb/v7e-m+fp/hard\libc_nano.a(libc_a-mallocr.o)
                              C:/ST/STM32CubeIDE_1.16.0/STM32CubeIDE/plugins/com.st.stm32cube.ide.mcu.externaltools.gnu-tools-for-stm32.12.3.rel1.win32_1.0.200.202406191623/tools/bin/../lib/gcc/arm-none-eabi/12.3.1/../../../../arm-none-eabi/lib/thumb/v7e-m+fp/hard\libc_nano.a(libc_a-malloc.o) (_malloc_r)
C:/ST/STM32CubeIDE_1.16.0/STM32CubeIDE/plugins/com.st.stm32cube.ide.mcu.externaltools.gnu-tools-for-stm32.12.3.rel1.win32_1.0.200.202406191623/tools/bin/../lib/gcc/arm-none-eabi/12.3.1/../../../../arm-none-eabi/lib/thumb/v7e-m+fp/hard\libc_nano.a(libc_a-mlock.o)
                              C:/ST/STM32CubeIDE_1.16.0/STM32CubeIDE/plugins/com.st.stm32cube.ide.mcu.externaltools.gnu-tools-for-stm32.12.3.rel1.win32_1.0.200.202406191623/tools/bin/../lib/gcc/arm-none-eabi/12.3.1/../../../../arm-none-eabi/lib/thumb/v7e-m+fp/hard\libc_nano.a(libc_a-mallocr.o) (__malloc_lock)
C:/ST/STM32CubeIDE_1.16.0/STM32CubeIDE/plugins/com.st.stm32cube.ide.mcu.externaltools.gnu-tools-for-stm32.12.3.rel1.win32_1.0.200.202406191623/tools/bin/../lib/gcc/arm-none-eabi/12.3.1/../../../../arm-none-eabi/lib/thumb/v7e-m+fp/hard\libc_nano.a(libc_a-strtol.o)
                              C:/ST/STM32CubeIDE_1.16.0/STM32CubeIDE/plugins/com.st.stm32cube.ide.mcu.externaltools.gnu-tools-for-stm32.12.3.rel1.win32_1.0.200.202406191623/tools/bin/../lib/gcc/arm-none-eabi/12.3.1/../../../../arm-none-eabi/lib/thumb/v7e-m+fp/hard\libc_nano.a(libc_a-atoi.o) (_strtol_r)
C:/ST/STM32CubeIDE_1.16.0/STM32CubeIDE/plugins/com.st.stm32cube.ide.mcu.externaltools.gnu-tools-for-stm32.12.3.rel1.win32_1.0.200.202406191623/tools/bin/../lib/gcc/arm-none-eabi/12.3.1/../../../../arm-none-eabi/lib/thumb/v7e-m+fp/hard\libc_nano.a(libc_a-ctype_.o)
                              C:/ST/STM32CubeIDE_1.16.0/STM32CubeIDE/plugins/com.st.stm32cube.ide.mcu.externaltools.gnu-tools-for-stm32.12.3.rel1.win32_1.0.200.202406191623/tools/bin/../lib/gcc/arm-none-eabi/12.3.1/../../../../arm-none-eabi/lib/thumb/v7e-m+fp/hard\libc_nano.a(libc_a-strtol.o) (_ctype_)
C:/ST/STM32CubeIDE_1.16.0/STM32CubeIDE/plugins/com.st.stm32cube.ide.mcu.externaltools.gnu-tools-for-stm32.12.3.rel1.win32_1.0.200.202406191623/tools/bin/../lib/gcc/arm-none-eabi/12.3.1/../../../../arm-none-eabi/lib/thumb/v7e-m+fp/hard\libc_nano.a(libc_a-findfp.o)
                              C:/ST/STM32CubeIDE_1.16.0/STM32CubeIDE/plugins/com.st.stm32cube.ide.mcu.externaltools.gnu-tools-for-stm32.12.3.rel1.win32_1.0.200.202406191623/tools/bin/../lib/gcc/arm-none-eabi/12.3.1/../../../../arm-none-eabi/lib/thumb/v7e-m+fp/hard\libc_nano.a(libc_a-exit.o) (__stdio_exit_handler)
C:/ST/STM32CubeIDE_1.16.0/STM32CubeIDE/plugins/com.st.stm32cube.ide.mcu.externaltools.gnu-tools-for-stm32.12.3.rel1.win32_1.0.200.202406191623/tools/bin/../lib/gcc/arm-none-eabi/12.3.1/../../../../arm-none-eabi/lib/thumb/v7e-m+fp/hard\libc_nano.a(libc_a-fprintf.o)
[...]
Memory Configuration

Name             Origin             Length             Attributes
RETRAM_interrupts 0x00000000         0x00000600         xrw
SRAM1_text       0x10000000         0x00020000         xrw
SRAM2_data       0x10020000         0x00020000         xrw
SRAM3_ipc_shm    0x10040000         0x00010000         xrw
SRAM4            0x10050000         0x00010000         xrw
*default*        0x00000000         0xffffffff

Linker script and memory map

LOAD C:/ST/STM32CubeIDE_1.16.0/STM32CubeIDE/plugins/com.st.stm32cube.ide.mcu.externaltools.gnu-tools-for-stm32.12.3.rel1.win32_1.0.200.202406191623/tools/bin/../lib/gcc/arm-none-eabi/12.3.1/thumb/v7e-m+fp/hard/crti.o
LOAD C:/ST/STM32CubeIDE_1.16.0/STM32CubeIDE/plugins/com.st.stm32cube.ide.mcu.externaltools.gnu-tools-for-stm32.12.3.rel1.win32_1.0.200.202406191623/tools/bin/../lib/gcc/arm-none-eabi/12.3.1/thumb/v7e-m+fp/hard/crtbegin.o
LOAD C:/ST/STM32CubeIDE_1.16.0/STM32CubeIDE/plugins/com.st.stm32cube.ide.mcu.externaltools.gnu-tools-for-stm32.12.3.rel1.win32_1.0.200.202406191623/tools/bin/../lib/gcc/arm-none-eabi/12.3.1/../../../../arm-none-eabi/lib/thumb/v7e-m+fp/hard/crt0.o
LOAD ./Common/System/system_stm32mp1xx.o
LOAD ./Core/Src/gpio.o
LOAD ./Core/Src/ipcc.o
LOAD ./Core/Src/main.o
LOAD ./Core/Src/stm32mp1xx_hal_msp.o
LOAD ./Core/Src/stm32mp1xx_it.o
LOAD ./Core/Src/syscalls.o
LOAD ./Core/Src/sysmem.o
LOAD ./Core/Src/usart.o
LOAD ./Core/Startup/startup_stm32mp157dacx.o
LOAD ./Drivers/STM32MP1xx_HAL_Driver/stm32mp1xx_hal.o
LOAD ./Drivers/STM32MP1xx_HAL_Driver/stm32mp1xx_hal_cortex.o
LOAD ./Drivers/STM32MP1xx_HAL_Driver/stm32mp1xx_hal_dma.o
LOAD ./Drivers/STM32MP1xx_HAL_Driver/stm32mp1xx_hal_dma_ex.o
LOAD ./Drivers/STM32MP1xx_HAL_Driver/stm32mp1xx_hal_exti.o
LOAD ./Drivers/STM32MP1xx_HAL_Driver/stm32mp1xx_hal_gpio.o
LOAD ./Drivers/STM32MP1xx_HAL_Driver/stm32mp1xx_hal_hsem.o
LOAD ./Drivers/STM32MP1xx_HAL_Driver/stm32mp1xx_hal_ipcc.o
LOAD ./Drivers/STM32MP1xx_HAL_Driver/stm32mp1xx_hal_mdma.o
LOAD ./Drivers/STM32MP1xx_HAL_Driver/stm32mp1xx_hal_pwr.o
LOAD ./Drivers/STM32MP1xx_HAL_Driver/stm32mp1xx_hal_pwr_ex.o
LOAD ./Drivers/STM32MP1xx_HAL_Driver/stm32mp1xx_hal_rcc.o
LOAD ./Drivers/STM32MP1xx_HAL_Driver/stm32mp1xx_hal_rcc_ex.o
LOAD ./Drivers/STM32MP1xx_HAL_Driver/stm32mp1xx_hal_tim.o
LOAD ./Drivers/STM32MP1xx_HAL_Driver/stm32mp1xx_hal_tim_ex.o
LOAD ./Drivers/STM32MP1xx_HAL_Driver/stm32mp1xx_hal_uart.o
LOAD ./Drivers/STM32MP1xx_HAL_Driver/stm32mp1xx_hal_uart_ex.o
LOAD ./Middlewares/Third_Party/OpenAMP/condition.o
LOAD ./Middlewares/Third_Party/OpenAMP/device.o
LOAD ./Middlewares/Third_Party/OpenAMP/generic_device.o
LOAD ./Middlewares/Third_Party/OpenAMP/generic_init.o
LOAD ./Middlewares/Third_Party/OpenAMP/generic_io.o
LOAD ./Middlewares/Third_Party/OpenAMP/generic_shmem.o
LOAD ./Middlewares/Third_Party/OpenAMP/init.o
LOAD ./Middlewares/Third_Party/OpenAMP/io.o
LOAD ./Middlewares/Third_Party/OpenAMP/log.o
LOAD ./Middlewares/Third_Party/OpenAMP/remoteproc_virtio.o
LOAD ./Middlewares/Third_Party/OpenAMP/rpmsg.o
LOAD ./Middlewares/Third_Party/OpenAMP/rpmsg_virtio.o
LOAD ./Middlewares/Third_Party/OpenAMP/shmem.o
LOAD ./Middlewares/Third_Party/OpenAMP/sys.o
LOAD ./Middlewares/Third_Party/OpenAMP/time.o
LOAD ./Middlewares/Third_Party/OpenAMP/virt_uart.o
LOAD ./Middlewares/Third_Party/OpenAMP/virtio.o
LOAD ./Middlewares/Third_Party/OpenAMP/virtqueue.o
LOAD ./OPENAMP/mbox_ipcc.o
LOAD ./OPENAMP/openamp.o
LOAD ./OPENAMP/openamp_log.o
LOAD ./OPENAMP/rsc_table.o
START GROUP
LOAD C:/ST/STM32CubeIDE_1.16.0/STM32CubeIDE/plugins/com.st.stm32cube.ide.mcu.externaltools.gnu-tools-for-stm32.12.3.rel1.win32_1.0.200.202406191623/tools/bin/../lib/gcc/arm-none-eabi/12.3.1/../../../../arm-none-eabi/lib/thumb/v7e-m+fp/hard\libstdc++_nano.a
LOAD C:/ST/STM32CubeIDE_1.16.0/STM32CubeIDE/plugins/com.st.stm32cube.ide.mcu.externaltools.gnu-tools-for-stm32.12.3.rel1.win32_1.0.200.202406191623/tools/bin/../lib/gcc/arm-none-eabi/12.3.1/../../../../arm-none-eabi/lib/thumb/v7e-m+fp/hard\libsupc++_nano.a
END GROUP
LOAD C:/ST/STM32CubeIDE_1.16.0/STM32CubeIDE/plugins/com.st.stm32cube.ide.mcu.externaltools.gnu-tools-for-stm32.12.3.rel1.win32_1.0.200.202406191623/tools/bin/../lib/gcc/arm-none-eabi/12.3.1/../../../../arm-none-eabi/lib/thumb/v7e-m+fp/hard\libstdc++_nano.a
LOAD C:/ST/STM32CubeIDE_1.16.0/STM32CubeIDE/plugins/com.st.stm32cube.ide.mcu.externaltools.gnu-tools-for-stm32.12.3.rel1.win32_1.0.200.202406191623/tools/bin/../lib/gcc/arm-none-eabi/12.3.1/../../../../arm-none-eabi/lib/thumb/v7e-m+fp/hard\libm.a
LOAD C:/ST/STM32CubeIDE_1.16.0/STM32CubeIDE/plugins/com.st.stm32cube.ide.mcu.externaltools.gnu-tools-for-stm32.12.3.rel1.win32_1.0.200.202406191623/tools/bin/../lib/gcc/arm-none-eabi/12.3.1/../../../../arm-none-eabi/lib/thumb/v7e-m+fp/hard\libc_nano.a
START GROUP
LOAD C:/ST/STM32CubeIDE_1.16.0/STM32CubeIDE/plugins/com.st.stm32cube.ide.mcu.externaltools.gnu-tools-for-stm32.12.3.rel1.win32_1.0.200.202406191623/tools/bin/../lib/gcc/arm-none-eabi/12.3.1/thumb/v7e-m+fp/hard\libgcc.a
LOAD C:/ST/STM32CubeIDE_1.16.0/STM32CubeIDE/plugins/com.st.stm32cube.ide.mcu.externaltools.gnu-tools-for-stm32.12.3.rel1.win32_1.0.200.202406191623/tools/bin/../lib/gcc/arm-none-eabi/12.3.1/../../../../arm-none-eabi/lib/thumb/v7e-m+fp/hard\libc_nano.a
END GROUP
START GROUP
LOAD C:/ST/STM32CubeIDE_1.16.0/STM32CubeIDE/plugins/com.st.stm32cube.ide.mcu.externaltools.gnu-tools-for-stm32.12.3.rel1.win32_1.0.200.202406191623/tools/bin/../lib/gcc/arm-none-eabi/12.3.1/thumb/v7e-m+fp/hard\libgcc.a
LOAD C:/ST/STM32CubeIDE_1.16.0/STM32CubeIDE/plugins/com.st.stm32cube.ide.mcu.externaltools.gnu-tools-for-stm32.12.3.rel1.win32_1.0.200.202406191623/tools/bin/../lib/gcc/arm-none-eabi/12.3.1/../../../../arm-none-eabi/lib/thumb/v7e-m+fp/hard\libc_nano.a
LOAD C:/ST/STM32CubeIDE_1.16.0/STM32CubeIDE/plugins/com.st.stm32cube.ide.mcu.externaltools.gnu-tools-for-stm32.12.3.rel1.win32_1.0.200.202406191623/tools/bin/../lib/gcc/arm-none-eabi/12.3.1/../../../../arm-none-eabi/lib/thumb/v7e-m+fp/hard\libnosys.a
END GROUP
START GROUP
LOAD C:/ST/STM32CubeIDE_1.16.0/STM32CubeIDE/plugins/com.st.stm32cube.ide.mcu.externaltools.gnu-tools-for-stm32.12.3.rel1.win32_1.0.200.202406191623/tools/bin/../lib/gcc/arm-none-eabi/12.3.1/thumb/v7e-m+fp/hard\libgcc.a
LOAD C:/ST/STM32CubeIDE_1.16.0/STM32CubeIDE/plugins/com.st.stm32cube.ide.mcu.externaltools.gnu-tools-for-stm32.12.3.rel1.win32_1.0.200.202406191623/tools/bin/../lib/gcc/arm-none-eabi/12.3.1/../../../../arm-none-eabi/lib/thumb/v7e-m+fp/hard\libc_nano.a
LOAD C:/ST/STM32CubeIDE_1.16.0/STM32CubeIDE/plugins/com.st.stm32cube.ide.mcu.externaltools.gnu-tools-for-stm32.12.3.rel1.win32_1.0.200.202406191623/tools/bin/../lib/gcc/arm-none-eabi/12.3.1/../../../../arm-none-eabi/lib/thumb/v7e-m+fp/hard\libnosys.a
END GROUP
LOAD C:/ST/STM32CubeIDE_1.16.0/STM32CubeIDE/plugins/com.st.stm32cube.ide.mcu.externaltools.gnu-tools-for-stm32.12.3.rel1.win32_1.0.200.202406191623/tools/bin/../lib/gcc/arm-none-eabi/12.3.1/thumb/v7e-m+fp/hard/crtend.o
LOAD C:/ST/STM32CubeIDE_1.16.0/STM32CubeIDE/plugins/com.st.stm32cube.ide.mcu.externaltools.gnu-tools-for-stm32.12.3.rel1.win32_1.0.200.202406191623/tools/bin/../lib/gcc/arm-none-eabi/12.3.1/thumb/v7e-m+fp/hard/crtn.o
                0x10040000                        _estack = (ORIGIN (SRAM2_data) + LENGTH (SRAM2_data))
                0x00000200                        _Min_Heap_Size = 0x200
                0x00000400                        _Min_Stack_Size = 0x400
                0x10040000                        __OPENAMP_region_start__ = ORIGIN (SRAM3_ipc_shm)
                0x10050000                        __OPENAMP_region_end__ = (ORIGIN (SRAM3_ipc_shm) + LENGTH (SRAM3_ipc_shm))

.isr_vector     0x00000000      0x298
                0x00000000                        . = ALIGN (0x4)
 *(.isr_vector)
 .isr_vector    0x00000000      0x298 ./Core/Startup/startup_stm32mp157dacx.o
                0x00000000                g_pfnVectors
                0x00000298                        . = ALIGN (0x4)

.text           0x10000000     0xaa98
                0x10000000                        . = ALIGN (0x4)
 *(.text)
 .text          0x10000000       0x40 C:/ST/STM32CubeIDE_1.16.0/STM32CubeIDE/plugins/com.st.stm32cube.ide.mcu.externaltools.gnu-tools-for-stm32.12.3.rel1.win32_1.0.200.202406191623/tools/bin/../lib/gcc/arm-none-eabi/12.3.1/thumb/v7e-m+fp/hard/crtbegin.o
 .text          0x10000040       0x14 C:/ST/STM32CubeIDE_1.16.0/STM32CubeIDE/plugins/com.st.stm32cube.ide.mcu.externaltools.gnu-tools-for-stm32.12.3.rel1.win32_1.0.200.202406191623/tools/bin/../lib/gcc/arm-none-eabi/12.3.1/../../../../arm-none-eabi/lib/thumb/v7e-m+fp/hard\libc_nano.a(libc_a-strcmp.o)
                0x10000040                strcmp
 .text          0x10000054       0x10 C:/ST/STM32CubeIDE_1.16.0/STM32CubeIDE/plugins/com.st.stm32cube.ide.mcu.externaltools.gnu-tools-for-stm32.12.3.rel1.win32_1.0.200.202406191623/tools/bin/../lib/gcc/arm-none-eabi/12.3.1/../../../../arm-none-eabi/lib/thumb/v7e-m+fp/hard\libc_nano.a(libc_a-strlen.o)
                0x10000054                strlen
 *fill*         0x10000064        0xc 
 .text          0x10000070       0xa0 C:/ST/STM32CubeIDE_1.16.0/STM32CubeIDE/plugins/com.st.stm32cube.ide.mcu.externaltools.gnu-tools-for-stm32.12.3.rel1.win32_1.0.200.202406191623/tools/bin/../lib/gcc/arm-none-eabi/12.3.1/../../../../arm-none-eabi/lib/thumb/v7e-m+fp/hard\libc_nano.a(libc_a-memchr.o)
                0x10000070                memchr
 *(.text*)
 .text.SystemInit
                0x10000110       0x4c ./Common/System/system_stm32mp1xx.o
                0x10000110                SystemInit
 .text.MX_GPIO_Init
                0x1000015c       0x2c ./Core/Src/gpio.o
                0x1000015c                MX_GPIO_Init
 .text.MX_IPCC_Init
                0x10000188       0x28 ./Core/Src/ipcc.o
                0x10000188                MX_IPCC_Init
 .text.HAL_IPCC_MspInit
                0x100001b0       0x4c ./Core/Src/ipcc.o
                0x100001b0                HAL_IPCC_MspInit
 .text.main     0x100001fc       0xa0 ./Core/Src/main.o
                0x100001fc                main
 .text.SystemClock_Config
                0x1000029c      0x256 ./Core/Src/main.o
                0x1000029c                SystemClock_Config
 *fill*         0x100004f2        0x2 
 .text.VIRT_UART0_RxCpltCallback
                0x100004f4      0x3b4 ./Core/Src/main.o
                0x100004f4                VIRT_UART0_RxCpltCallback
 .text.VIRT_UART1_RxCpltCallback
                0x100008a8       0x48 ./Core/Src/main.o
                0x100008a8                VIRT_UART1_RxCpltCallback
 .text.sim_flow
                0x100008f0      0x114 ./Core/Src/main.o
                0x100008f0                sim_flow
 .text.sim_heating
                0x10000a04      0x110 ./Core/Src/main.o
                0x10000a04                sim_heating
 .text.Error_Handler
                0x10000b14        0xc ./Core/Src/main.o
                0x10000b14                Error_Handler
 .text.HAL_MspInit
                0x10000b20       0x6c ./Core/Src/stm32mp1xx_hal_msp.o
                0x10000b20                HAL_MspInit
 .text.NMI_Handler
                0x10000b8c        0x8 ./Core/Src/stm32mp1xx_it.o
                0x10000b8c                NMI_Handler
 .text.HardFault_Handler
                0x10000b94        0x8 ./Core/Src/stm32mp1xx_it.o
                0x10000b94                HardFault_Handler
 .text.MemManage_Handler
                0x10000b9c        0x8 ./Core/Src/stm32mp1xx_it.o
                0x10000b9c                MemManage_Handler
 .text.BusFault_Handler
                0x10000ba4        0x8 ./Core/Src/stm32mp1xx_it.o
                0x10000ba4                BusFault_Handler
 .text.UsageFault_Handler
                0x10000bac        0x8 ./Core/Src/stm32mp1xx_it.o
                0x10000bac                UsageFault_Handler
 .text.SVC_Handler
                0x10000bb4        0xe ./Core/Src/stm32mp1xx_it.o
                0x10000bb4                SVC_Handler
 .text.DebugMon_Handler
                0x10000bc2        0xe ./Core/Src/stm32mp1xx_it.o
                0x10000bc2                DebugMon_Handler
 .text.PendSV_Handler
                0x10000bd0        0xe ./Core/Src/stm32mp1xx_it.o
                0x10000bd0                PendSV_Handler
 .text.SysTick_Handler
                0x10000bde        0xc ./Core/Src/stm32mp1xx_it.o
                0x10000bde                SysTick_Handler
 *fill*         0x10000bea        0x2 
 .text.IPCC_RX1_IRQHandler
                0x10000bec       0x14 ./Core/Src/stm32mp1xx_it.o
                0x10000bec                IPCC_RX1_IRQHandler
 .text.IPCC_TX1_IRQHandler
                0x10000c00       0x14 ./Core/Src/stm32mp1xx_it.o
                0x10000c00                IPCC_TX1_IRQHandler
 .text.RCC_WAKEUP_IRQHandler
                0x10000c14        0xc ./Core/Src/stm32mp1xx_it.o
                0x10000c14                RCC_WAKEUP_IRQHandler
 .text._getpid  0x10000c20       0x10 ./Core/Src/syscalls.o
                0x10000c20                _getpid
 .text._kill    0x10000c30       0x20 ./Core/Src/syscalls.o
                0x10000c30                _kill
 .text._exit    0x10000c50       0x16 ./Core/Src/syscalls.o
                0x10000c50                _exit
 .text._read    0x10000c66       0x3a ./Core/Src/syscalls.o
                0x10000c66                _read
 .text._write   0x10000ca0       0x38 ./Core/Src/syscalls.o
                0x10000ca0                _write
 .text._close   0x10000cd8       0x18 ./Core/Src/syscalls.o
                0x10000cd8                _close
 .text._fstat   0x10000cf0       0x20 ./Core/Src/syscalls.o
                0x10000cf0                _fstat
 .text._isatty  0x10000d10       0x16 ./Core/Src/syscalls.o
                0x10000d10                _isatty
 .text._lseek   0x10000d26       0x1a ./Core/Src/syscalls.o
                0x10000d26                _lseek
 .text._sbrk    0x10000d40       0x6c ./Core/Src/sysmem.o
                0x10000d40                _sbrk
 .text.MX_UART7_Init
                0x10000dac       0x98 ./Core/Src/usart.o
                0x10000dac                MX_UART7_Init
 .text.HAL_UART_MspInit
                0x10000e44       0x8c ./Core/Src/usart.o
                0x10000e44                HAL_UART_MspInit
 .text.Default_Handler
                0x10000ed0        0x2 ./Core/Startup/startup_stm32mp157dacx.o
                0x10000ed0                EXTI2_IRQHandler
                0x10000ed0                TIM8_TRG_COM_IRQHandler
                0x10000ed0                TIM8_CC_IRQHandler
                0x10000ed0                EXTI5_IRQHandler
                0x10000ed0                UART8_IRQHandler
                0x10000ed0                SPI4_IRQHandler
                0x10000ed0                EXTI13_IRQHandler
                0x10000ed0                TIM1_CC_IRQHandler
                0x10000ed0                DMA2_Stream5_IRQHandler
                0x10000ed0                ETH1_WKUP_IRQHandler
                0x10000ed0                TAMP_IRQHandler
                0x10000ed0                DMA1_Stream5_IRQHandler
                0x10000ed0                TIM6_IRQHandler
                0x10000ed0                EXTI12_IRQHandler
                0x10000ed0                EXTI3_IRQHandler
                0x10000ed0                LPTIM4_IRQHandler
                0x10000ed0                EXTI8_IRQHandler
                0x10000ed0                LPTIM2_IRQHandler
                0x10000ed0                DFSDM1_FLT1_IRQHandler
                0x10000ed0                I2C3_ER_IRQHandler
                0x10000ed0                DFSDM1_FLT2_IRQHandler
                0x10000ed0                I2C5_EV_IRQHandler
                0x10000ed0                MDMA_IRQHandler
                0x10000ed0                LPTIM3_IRQHandler
                0x10000ed0                EXTI0_IRQHandler
                0x10000ed0                I2C2_EV_IRQHandler
                0x10000ed0                DMA1_Stream2_IRQHandler
                0x10000ed0                FPU_IRQHandler
                0x10000ed0                USBH_OHCI_IRQHandler
                0x10000ed0                FDCAN1_IT1_IRQHandler
                0x10000ed0                LTDC_ER_IRQHandler
                0x10000ed0                DMA2_Stream2_IRQHandler
                0x10000ed0                IPCC_RX0_IRQHandler
                0x10000ed0                OTG_IRQHandler
                0x10000ed0                SPI1_IRQHandler
                0x10000ed0                DCMI_IRQHandler
                0x10000ed0                TIM8_UP_IRQHandler
                0x10000ed0                DMA2_Stream3_IRQHandler
                0x10000ed0                USBH_EHCI_IRQHandler
                0x10000ed0                nCTIIRQ2_IRQHandler
                0x10000ed0                HASH1_IRQHandler
                0x10000ed0                GPU_IRQHandler
                0x10000ed0                SAI2_IRQHandler
                0x10000ed0                ADC1_IRQHandler
                0x10000ed0                RESERVED148_IRQHandler
                0x10000ed0                RTC_TIMESTAMP_IRQHandler
                0x10000ed0                DFSDM1_FLT3_IRQHandler
                0x10000ed0                USART6_IRQHandler
                0x10000ed0                EXTI15_IRQHandler
                0x10000ed0                TIM17_IRQHandler
                0x10000ed0                USART3_IRQHandler
                0x10000ed0                EXTI9_IRQHandler
                0x10000ed0                LPTIM5_IRQHandler
                0x10000ed0                UART5_IRQHandler
                0x10000ed0                DMA2_Stream0_IRQHandler
                0x10000ed0                TIM4_IRQHandler
                0x10000ed0                CRYP2_IRQHandler
                0x10000ed0                QUADSPI_IRQHandler
                0x10000ed0                I2C1_EV_IRQHandler
                0x10000ed0                DMA1_Stream6_IRQHandler
                0x10000ed0                RESERVED99_IRQHandler
                0x10000ed0                DMAMUX1_OVR_IRQHandler
                0x10000ed0                DMA1_Stream1_IRQHandler
                0x10000ed0                TIM16_IRQHandler
                0x10000ed0                UART4_IRQHandler
                0x10000ed0                TIM3_IRQHandler
                0x10000ed0                RCC_IRQHandler
                0x10000ed0                TIM1_TRG_COM_IRQHandler
                0x10000ed0                nCTIIRQ1_IRQHandler
                0x10000ed0                Default_Handler
                0x10000ed0                CEC_IRQHandler
                0x10000ed0                DFSDM1_FLT4_IRQHandler
                0x10000ed0                TIM14_IRQHandler
                0x10000ed0                I2C5_ER_IRQHandler
                0x10000ed0                TIM13_IRQHandler
                0x10000ed0                DMA1_Stream7_IRQHandler
                0x10000ed0                IPCC_TX0_IRQHandler
                0x10000ed0                SPI5_IRQHandler
                0x10000ed0                TIM12_IRQHandler
                0x10000ed0                TIM7_IRQHandler
                0x10000ed0                SDMMC1_IRQHandler
                0x10000ed0                TIM5_IRQHandler
                0x10000ed0                DMA2_Stream7_IRQHandler
                0x10000ed0                TIM15_IRQHandler
                0x10000ed0                PVD_AVD_IRQHandler
                0x10000ed0                I2C3_EV_IRQHandler
                0x10000ed0                SDMMC3_IRQHandler
                0x10000ed0                ETH1_IRQHandler
                0x10000ed0                LTDC_IRQHandler
                0x10000ed0                SAI3_IRQHandler
                0x10000ed0                SPDIF_RX_IRQHandler
                0x10000ed0                ADC2_IRQHandler
                0x10000ed0                SPI2_IRQHandler
                0x10000ed0                DFSDM1_FLT5_IRQHandler
                0x10000ed0                DMA1_Stream0_IRQHandler
                0x10000ed0                EXTI14_IRQHandler
                0x10000ed0                EXTI11_IRQHandler
                0x10000ed0                CRYP1_IRQHandler
                0x10000ed0                RNG2_IRQHandler
                0x10000ed0                RNG1_IRQHandler
                0x10000ed0                HASH2_IRQHandler
                0x10000ed0                EXTI4_IRQHandler
                0x10000ed0                ETH1_LPI_IRQHandler
                0x10000ed0                FDCAN2_IT1_IRQHandler
                0x10000ed0                DSI_IRQHandler
                0x10000ed0                TIM1_UP_IRQHandler
                0x10000ed0                HSEM_IT2_IRQHandler
                0x10000ed0                SPI6_IRQHandler
                0x10000ed0                MDIOS_IRQHandler
                0x10000ed0                I2C4_EV_IRQHandler
                0x10000ed0                FDCAN2_IT0_IRQHandler
                0x10000ed0                I2C6_ER_IRQHandler
                0x10000ed0                FDCAN1_IT0_IRQHandler
                0x10000ed0                TIM2_IRQHandler
                0x10000ed0                EXTI7_IRQHandler
                0x10000ed0                TIM1_BRK_IRQHandler
                0x10000ed0                DAC_IRQHandler
                0x10000ed0                EXTI1_IRQHandler
                0x10000ed0                SDMMC2_IRQHandler
                0x10000ed0                DTS_IRQHandler
                0x10000ed0                UART7_IRQHandler
                0x10000ed0                USART2_IRQHandler
                0x10000ed0                I2C6_EV_IRQHandler
                0x10000ed0                DFSDM1_FLT0_IRQHandler
                0x10000ed0                SAI4_IRQHandler
                0x10000ed0                I2C2_ER_IRQHandler
                0x10000ed0                DMA2_Stream1_IRQHandler
                0x10000ed0                TIM8_BRK_IRQHandler
                0x10000ed0                WWDG1_IRQHandler
                0x10000ed0                DMA2_Stream4_IRQHandler
                0x10000ed0                USART1_IRQHandler
                0x10000ed0                RESERVED143_IRQHandler
                0x10000ed0                EXTI10_IRQHandler
                0x10000ed0                SPI3_IRQHandler
                0x10000ed0                WAKEUP_PIN_IRQHandler
                0x10000ed0                DMA1_Stream4_IRQHandler
                0x10000ed0                I2C1_ER_IRQHandler
                0x10000ed0                FMC_IRQHandler
                0x10000ed0                FDCAN_CAL_IRQHandler
                0x10000ed0                EXTI6_IRQHandler
                0x10000ed0                MPU_SEV_IRQHandler
                0x10000ed0                LPTIM1_IRQHandler
                0x10000ed0                RTC_WKUP_ALARM_IRQHandler
                0x10000ed0                I2C4_ER_IRQHandler
                0x10000ed0                DMA2_Stream6_IRQHandler
                0x10000ed0                SAI1_IRQHandler
                0x10000ed0                DMA1_Stream3_IRQHandler
                0x10000ed0                RESERVED4_IRQHandler
 *fill*         0x10000ed2        0x2 
 .text.HAL_Init
                0x10000ed4       0x34 ./Drivers/STM32MP1xx_HAL_Driver/stm32mp1xx_hal.o
                0x10000ed4                HAL_Init
 .text.HAL_InitTick
                0x10000f08       0x6c ./Drivers/STM32MP1xx_HAL_Driver/stm32mp1xx_hal.o
                0x10000f08                HAL_InitTick
 .text.HAL_IncTick
                0x10000f74       0x28 ./Drivers/STM32MP1xx_HAL_Driver/stm32mp1xx_hal.o
                0x10000f74                HAL_IncTick
 .text.HAL_GetTick
                0x10000f9c       0x18 ./Drivers/STM32MP1xx_HAL_Driver/stm32mp1xx_hal.o
                0x10000f9c                HAL_GetTick
 .text.HAL_Delay
                0x10000fb4       0x48 ./Drivers/STM32MP1xx_HAL_Driver/stm32mp1xx_hal.o
                0x10000fb4                HAL_Delay
 .text.__NVIC_SetPriorityGrouping
                0x10000ffc       0x48 ./Drivers/STM32MP1xx_HAL_Driver/stm32mp1xx_hal_cortex.o
 .text.__NVIC_GetPriorityGrouping
                0x10001044       0x1c ./Drivers/STM32MP1xx_HAL_Driver/stm32mp1xx_hal_cortex.o
 .text.__NVIC_EnableIRQ
                0x10001060       0x3c ./Drivers/STM32MP1xx_HAL_Driver/stm32mp1xx_hal_cortex.o
 .text.__NVIC_SetPriority
                0x1000109c       0x54 ./Drivers/STM32MP1xx_HAL_Driver/stm32mp1xx_hal_cortex.o
 .text.NVIC_EncodePriority
                0x100010f0       0x66 ./Drivers/STM32MP1xx_HAL_Driver/stm32mp1xx_hal_cortex.o
 *fill*         0x10001156        0x2 
 .text.SysTick_Config
                0x10001158       0x44 ./Drivers/STM32MP1xx_HAL_Driver/stm32mp1xx_hal_cortex.o
 .text.HAL_NVIC_SetPriorityGrouping
                0x1000119c       0x16 ./Drivers/STM32MP1xx_HAL_Driver/stm32mp1xx_hal_cortex.o
                0x1000119c                HAL_NVIC_SetPriorityGrouping
 .text.HAL_NVIC_SetPriority
                0x100011b2       0x38 ./Drivers/STM32MP1xx_HAL_Driver/stm32mp1xx_hal_cortex.o
                0x100011b2                HAL_NVIC_SetPriority
 .text.HAL_NVIC_EnableIRQ
                0x100011ea       0x1c ./Drivers/STM32MP1xx_HAL_Driver/stm32mp1xx_hal_cortex.o
                0x100011ea                HAL_NVIC_EnableIRQ
 .text.HAL_SYSTICK_Config
                0x10001206       0x18 ./Drivers/STM32MP1xx_HAL_Driver/stm32mp1xx_hal_cortex.o
                0x10001206                HAL_SYSTICK_Config
 *fill*         0x1000121e        0x2 
 .text.HAL_IPCC_Init
                0x10001220       0x64 ./Drivers/STM32MP1xx_HAL_Driver/stm32mp1xx_hal_ipcc.o
                0x10001220                HAL_IPCC_Init
 .text.HAL_IPCC_ActivateNotification
                0x10001284       0x9c ./Drivers/STM32MP1xx_HAL_Driver/stm32mp1xx_hal_ipcc.o
                0x10001284                HAL_IPCC_ActivateNotification
 .text.HAL_IPCC_GetChannelStatus
                0x10001320       0x68 ./Drivers/STM32MP1xx_HAL_Driver/stm32mp1xx_hal_ipcc.o
                0x10001320                HAL_IPCC_GetChannelStatus
 .text.HAL_IPCC_NotifyCPU
                0x10001388       0x8c ./Drivers/STM32MP1xx_HAL_Driver/stm32mp1xx_hal_ipcc.o
                0x10001388                HAL_IPCC_NotifyCPU
 .text.HAL_IPCC_TX_IRQHandler
                0x10001414       0x9c ./Drivers/STM32MP1xx_HAL_Driver/stm32mp1xx_hal_ipcc.o
                0x10001414                HAL_IPCC_TX_IRQHandler
 .text.HAL_IPCC_RX_IRQHandler
                0x100014b0       0x98 ./Drivers/STM32MP1xx_HAL_Driver/stm32mp1xx_hal_ipcc.o
                0x100014b0                HAL_IPCC_RX_IRQHandler
 .text.HAL_IPCC_RxCallback
                0x10001548       0x1a ./Drivers/STM32MP1xx_HAL_Driver/stm32mp1xx_hal_ipcc.o
                0x10001548                HAL_IPCC_RxCallback
 .text.HAL_IPCC_TxCallback
                0x10001562       0x1a ./Drivers/STM32MP1xx_HAL_Driver/stm32mp1xx_hal_ipcc.o
                0x10001562                HAL_IPCC_TxCallback
 .text.IPCC_UnmaskInterrupt
                0x1000157c       0x5c ./Drivers/STM32MP1xx_HAL_Driver/stm32mp1xx_hal_ipcc.o
                0x1000157c                IPCC_UnmaskInterrupt
 .text.IPCC_SetDefaultCallbacks
                0x100015d8       0x4c ./Drivers/STM32MP1xx_HAL_Driver/stm32mp1xx_hal_ipcc.o
                0x100015d8                IPCC_SetDefaultCallbacks
 .text.IPCC_Reset_Register
                0x10001624       0x28 ./Drivers/STM32MP1xx_HAL_Driver/stm32mp1xx_hal_ipcc.o
                0x10001624                IPCC_Reset_Register
 .text.HAL_PWR_EnableBkUpAccess
                0x1000164c       0x20 ./Drivers/STM32MP1xx_HAL_Driver/stm32mp1xx_hal_pwr.o
                0x1000164c                HAL_PWR_EnableBkUpAccess
 .text.HAL_RCC_OscConfig
                0x1000166c      0x664 ./Drivers/STM32MP1xx_HAL_Driver/stm32mp1xx_hal_rcc.o
                0x1000166c                HAL_RCC_OscConfig
 .text.HAL_RCC_HSEConfig
                0x10001cd0       0xd6 ./Drivers/STM32MP1xx_HAL_Driver/stm32mp1xx_hal_rcc.o
                0x10001cd0                HAL_RCC_HSEConfig
 .text.HAL_RCC_LSEConfig
                0x10001da6       0xfa ./Drivers/STM32MP1xx_HAL_Driver/stm32mp1xx_hal_rcc.o
                0x10001da6                HAL_RCC_LSEConfig
 .text.RCC_PLL1_Config
                0x10001ea0      0x308 ./Drivers/STM32MP1xx_HAL_Driver/stm32mp1xx_hal_rcc.o
                0x10001ea0                RCC_PLL1_Config
 .text.HAL_RCC_ClockConfig
                0x100021a8      0x224 ./Drivers/STM32MP1xx_HAL_Driver/stm32mp1xx_hal_rcc.o
                0x100021a8                HAL_RCC_ClockConfig
 .text.RCC_MPUConfig
                0x100023cc       0xec ./Drivers/STM32MP1xx_HAL_Driver/stm32mp1xx_hal_rcc.o
                0x100023cc                RCC_MPUConfig
 .text.RCC_AXISSConfig
                0x100024b8      0x12e ./Drivers/STM32MP1xx_HAL_Driver/stm32mp1xx_hal_rcc.o
                0x100024b8                RCC_AXISSConfig
 *fill*         0x100025e6        0x2 
 .text.RCC_MCUConfig
                0x100025e8      0x150 ./Drivers/STM32MP1xx_HAL_Driver/stm32mp1xx_hal_rcc.o
                0x100025e8                RCC_MCUConfig
 .text.HAL_RCC_GetPLL2ClockFreq
                0x10002738      0x1d8 ./Drivers/STM32MP1xx_HAL_Driver/stm32mp1xx_hal_rcc.o
                0x10002738                HAL_RCC_GetPLL2ClockFreq
 .text.HAL_RCC_GetPLL3ClockFreq
                0x10002910      0x1f4 ./Drivers/STM32MP1xx_HAL_Driver/stm32mp1xx_hal_rcc.o
                0x10002910                HAL_RCC_GetPLL3ClockFreq
 .text.HAL_RCC_GetPLL4ClockFreq
                0x10002b04      0x210 ./Drivers/STM32MP1xx_HAL_Driver/stm32mp1xx_hal_rcc.o
                0x10002b04                HAL_RCC_GetPLL4ClockFreq
 .text.HAL_RCC_GetPCLK1Freq
                0x10002d14       0x36 ./Drivers/STM32MP1xx_HAL_Driver/stm32mp1xx_hal_rcc.o
                0x10002d14                HAL_RCC_GetPCLK1Freq
 .text.HAL_RCC_GetPCLK2Freq
                0x10002d4a       0x36 ./Drivers/STM32MP1xx_HAL_Driver/stm32mp1xx_hal_rcc.o
                0x10002d4a                HAL_RCC_GetPCLK2Freq
 .text.HAL_RCC_GetPCLK5Freq
                0x10002d80       0x34 ./Drivers/STM32MP1xx_HAL_Driver/stm32mp1xx_hal_rcc.o
                0x10002d80                HAL_RCC_GetPCLK5Freq
 .text.HAL_RCC_GetACLKFreq
                0x10002db4       0x3a ./Drivers/STM32MP1xx_HAL_Driver/stm32mp1xx_hal_rcc.o
                0x10002db4                HAL_RCC_GetACLKFreq
 .text.HAL_RCC_GetMCUFreq
                0x10002dee       0x36 ./Drivers/STM32MP1xx_HAL_Driver/stm32mp1xx_hal_rcc.o
                0x10002dee                HAL_RCC_GetMCUFreq
 .text.HAL_RCC_GetSystemCoreClockFreq
                0x10002e24        0xe ./Drivers/STM32MP1xx_HAL_Driver/stm32mp1xx_hal_rcc.o
                0x10002e24                HAL_RCC_GetSystemCoreClockFreq
 *fill*         0x10002e32        0x2 
 .text.HAL_RCC_GetAXISSFreq
                0x10002e34       0x7c ./Drivers/STM32MP1xx_HAL_Driver/stm32mp1xx_hal_rcc.o
                0x10002e34                HAL_RCC_GetAXISSFreq
 .text.HAL_RCC_GetMCUSSFreq
                0x10002eb0       0x74 ./Drivers/STM32MP1xx_HAL_Driver/stm32mp1xx_hal_rcc.o
                0x10002eb0                HAL_RCC_GetMCUSSFreq
 .text.HAL_RCC_WAKEUP_IRQHandler
                0x10002f24       0x2a ./Drivers/STM32MP1xx_HAL_Driver/stm32mp1xx_hal_rcc.o
                0x10002f24                HAL_RCC_WAKEUP_IRQHandler
 .text.HAL_RCC_WAKEUP_Callback
                0x10002f4e        0xe ./Drivers/STM32MP1xx_HAL_Driver/stm32mp1xx_hal_rcc.o
                0x10002f4e                HAL_RCC_WAKEUP_Callback
 .text.RCCEx_PLL2_Config
                0x10002f5c      0x304 ./Drivers/STM32MP1xx_HAL_Driver/stm32mp1xx_hal_rcc_ex.o
                0x10002f5c                RCCEx_PLL2_Config
 .text.RCCEx_PLL3_Config
                0x10003260      0x2d4 ./Drivers/STM32MP1xx_HAL_Driver/stm32mp1xx_hal_rcc_ex.o
                0x10003260                RCCEx_PLL3_Config
 .text.RCCEx_PLL4_Config
                0x10003534      0x2b0 ./Drivers/STM32MP1xx_HAL_Driver/stm32mp1xx_hal_rcc_ex.o
                0x10003534                RCCEx_PLL4_Config
 .text.HAL_RCCEx_PeriphCLKConfig
                0x100037e4     0x1d28 ./Drivers/STM32MP1xx_HAL_Driver/stm32mp1xx_hal_rcc_ex.o
                0x100037e4                HAL_RCCEx_PeriphCLKConfig
 .text.HAL_HalfDuplex_Init
                0x1000550c       0xb0 ./Drivers/STM32MP1xx_HAL_Driver/stm32mp1xx_hal_uart.o
                0x1000550c                HAL_HalfDuplex_Init
 .text.UART_SetConfig
                0x100055bc     0x114c ./Drivers/STM32MP1xx_HAL_Driver/stm32mp1xx_hal_uart.o
                0x100055bc                UART_SetConfig
 .text.UART_AdvFeatureConfig
                0x10006708      0x144 ./Drivers/STM32MP1xx_HAL_Driver/stm32mp1xx_hal_uart.o
                0x10006708                UART_AdvFeatureConfig
 .text.UART_CheckIdleState
                0x1000684c       0x90 ./Drivers/STM32MP1xx_HAL_Driver/stm32mp1xx_hal_uart.o
                0x1000684c                UART_CheckIdleState
 .text.UART_WaitOnFlagUntilTimeout
                0x100068dc      0x100 ./Drivers/STM32MP1xx_HAL_Driver/stm32mp1xx_hal_uart.o
                0x100068dc                UART_WaitOnFlagUntilTimeout
 .text.HAL_UARTEx_DisableFifoMode
                0x100069dc       0x72 ./Drivers/STM32MP1xx_HAL_Driver/stm32mp1xx_hal_uart_ex.o
                0x100069dc                HAL_UARTEx_DisableFifoMode
 .text.HAL_UARTEx_SetTxFifoThreshold
                0x10006a4e       0x7c ./Drivers/STM32MP1xx_HAL_Driver/stm32mp1xx_hal_uart_ex.o
                0x10006a4e                HAL_UARTEx_SetTxFifoThreshold
 .text.HAL_UARTEx_SetRxFifoThreshold
                0x10006aca       0x7c ./Drivers/STM32MP1xx_HAL_Driver/stm32mp1xx_hal_uart_ex.o
                0x10006aca                HAL_UARTEx_SetRxFifoThreshold
 *fill*         0x10006b46        0x2 
 .text.UARTEx_SetNbDataToProcess
                0x10006b48       0xc8 ./Drivers/STM32MP1xx_HAL_Driver/stm32mp1xx_hal_uart_ex.o
 .text.metal_list_init
                0x10006c10       0x20 ./Middlewares/Third_Party/OpenAMP/device.o
 .text.metal_list_add_before
                0x10006c30       0x34 ./Middlewares/Third_Party/OpenAMP/device.o
 .text.metal_list_add_tail
                0x10006c64       0x1a ./Middlewares/Third_Party/OpenAMP/device.o
 .text.__metal_cache_flush
                0x10006c7e       0x1a ./Middlewares/Third_Party/OpenAMP/device.o
 .text.__metal_cache_invalidate
                0x10006c98       0x1a ./Middlewares/Third_Party/OpenAMP/device.o
 .text.metal_cache_flush
                0x10006cb2       0x1a ./Middlewares/Third_Party/OpenAMP/device.o
 .text.metal_cache_invalidate
                0x10006ccc       0x1a ./Middlewares/Third_Party/OpenAMP/device.o
 *fill*         0x10006ce6        0x2 
 .text.metal_bus_register
                0x10006ce8       0x88 ./Middlewares/Third_Party/OpenAMP/device.o
                0x10006ce8                metal_bus_register
 .text.metal_bus_find
                0x10006d70       0x5c ./Middlewares/Third_Party/OpenAMP/device.o
                0x10006d70                metal_bus_find
 .text.metal_device_open
                0x10006dcc       0x7c ./Middlewares/Third_Party/OpenAMP/device.o
                0x10006dcc                metal_device_open
 .text.metal_register_generic_device
                0x10006e48       0x4c ./Middlewares/Third_Party/OpenAMP/device.o
                0x10006e48                metal_register_generic_device
 .text.metal_generic_dev_open
                0x10006e94       0x60 ./Middlewares/Third_Party/OpenAMP/device.o
                0x10006e94                metal_generic_dev_open
 .text.metal_generic_dev_dma_map
                0x10006ef4       0xa2 ./Middlewares/Third_Party/OpenAMP/device.o
                0x10006ef4                metal_generic_dev_dma_map
 .text.metal_generic_dev_dma_unmap
                0x10006f96       0x56 ./Middlewares/Third_Party/OpenAMP/device.o
                0x10006f96                metal_generic_dev_dma_unmap
 .text.metal_generic_dev_sys_open
                0x10006fec       0x4e ./Middlewares/Third_Party/OpenAMP/generic_device.o
                0x10006fec                metal_generic_dev_sys_open
 *fill*         0x1000703a        0x2 
 .text.metal_sys_init
                0x1000703c       0x1c ./Middlewares/Third_Party/OpenAMP/generic_init.o
                0x1000703c                metal_sys_init
 .text.metal_sys_io_mem_map
                0x10007058       0x7c ./Middlewares/Third_Party/OpenAMP/generic_io.o
                0x10007058                metal_sys_io_mem_map
 .text.metal_list_init
                0x100070d4       0x20 ./Middlewares/Third_Party/OpenAMP/init.o
 .text.metal_init
                0x100070f4       0x64 ./Middlewares/Third_Party/OpenAMP/init.o
                0x100070f4                metal_init
 .text.metal_io_virt
                0x10007158       0x38 ./Middlewares/Third_Party/OpenAMP/io.o
 .text.metal_io_init
                0x10007190       0x9a ./Middlewares/Third_Party/OpenAMP/io.o
                0x10007190                metal_io_init
 .text.metal_io_block_read
                0x1000722a       0xea ./Middlewares/Third_Party/OpenAMP/io.o
                0x1000722a                metal_io_block_read
 .text.metal_io_block_write
                0x10007314       0xe8 ./Middlewares/Third_Party/OpenAMP/io.o
                0x10007314                metal_io_block_write
 .text.metal_default_log_handler
                0x100073fc       0x1a ./Middlewares/Third_Party/OpenAMP/log.o
                0x100073fc                metal_default_log_handler
 .text.metal_io_virt
                0x10007416       0x38 ./Middlewares/Third_Party/OpenAMP/remoteproc_virtio.o
 .text.metal_io_virt_to_offset
                0x1000744e       0x32 ./Middlewares/Third_Party/OpenAMP/remoteproc_virtio.o
 .text.metal_io_read
                0x10007480      0x104 ./Middlewares/Third_Party/OpenAMP/remoteproc_virtio.o
 .text.metal_allocate_memory
                0x10007584       0x18 ./Middlewares/Third_Party/OpenAMP/remoteproc_virtio.o
 .text.metal_free_memory
                0x1000759c       0x16 ./Middlewares/Third_Party/OpenAMP/remoteproc_virtio.o
 .text.virtqueue_allocate
                0x100075b2       0x32 ./Middlewares/Third_Party/OpenAMP/remoteproc_virtio.o
 .text.rproc_virtio_virtqueue_notify
                0x100075e4       0x68 ./Middlewares/Third_Party/OpenAMP/remoteproc_virtio.o
 .text.rproc_virtio_get_status
                0x1000764c       0x44 ./Middlewares/Third_Party/OpenAMP/remoteproc_virtio.o
 .text.rproc_virtio_get_dfeatures
                0x10007690       0x44 ./Middlewares/Third_Party/OpenAMP/remoteproc_virtio.o
 .text.rproc_virtio_get_features
                0x100076d4       0x50 ./Middlewares/Third_Party/OpenAMP/remoteproc_virtio.o
 .text.rproc_virtio_read_config
                0x10007724       0x66 ./Middlewares/Third_Party/OpenAMP/remoteproc_virtio.o
 *fill*         0x1000778a        0x2 
 .text.rproc_virtio_create_vdev
                0x1000778c      0x15c ./Middlewares/Third_Party/OpenAMP/remoteproc_virtio.o
                0x1000778c                rproc_virtio_create_vdev
 .text.rproc_virtio_init_vring
                0x100078e8       0x62 ./Middlewares/Third_Party/OpenAMP/remoteproc_virtio.o
                0x100078e8                rproc_virtio_init_vring
 .text.rproc_virtio_notified
                0x1000794a       0x78 ./Middlewares/Third_Party/OpenAMP/remoteproc_virtio.o
                0x1000794a                rproc_virtio_notified
 .text.rproc_virtio_wait_remote_ready
                0x100079c2       0x32 ./Middlewares/Third_Party/OpenAMP/remoteproc_virtio.o
                0x100079c2                rproc_virtio_wait_remote_ready
 .text.__metal_mutex_acquire
                0x100079f4       0x5e ./Middlewares/Third_Party/OpenAMP/rpmsg.o
 .text.__metal_mutex_release
                0x10007a52       0x2c ./Middlewares/Third_Party/OpenAMP/rpmsg.o
 .text.metal_mutex_acquire
                0x10007a7e       0x16 ./Middlewares/Third_Party/OpenAMP/rpmsg.o
 .text.metal_mutex_release
                0x10007a94       0x16 ./Middlewares/Third_Party/OpenAMP/rpmsg.o
 .text.metal_list_add_before
                0x10007aaa       0x34 ./Middlewares/Third_Party/OpenAMP/rpmsg.o
 .text.metal_list_add_tail
                0x10007ade       0x1a ./Middlewares/Third_Party/OpenAMP/rpmsg.o
 .text.metal_list_del
                0x10007af8       0x34 ./Middlewares/Third_Party/OpenAMP/rpmsg.o
 .text.metal_bitmap_set_bit
                0x10007b2c       0x38 ./Middlewares/Third_Party/OpenAMP/rpmsg.o
 .text.metal_bitmap_is_bit_set
                0x10007b64       0x3a ./Middlewares/Third_Party/OpenAMP/rpmsg.o
 .text.metal_bitmap_clear_bit
                0x10007b9e       0x3a ./Middlewares/Third_Party/OpenAMP/rpmsg.o
 .text.metal_bitmap_is_bit_clear
                0x10007bd8       0x26 ./Middlewares/Third_Party/OpenAMP/rpmsg.o
 .text.metal_bitmap_next_clear_bit
                0x10007bfe       0x3a ./Middlewares/Third_Party/OpenAMP/rpmsg.o
 .text.rpmsg_initialize_ept
                0x10007c38       0x48 ./Middlewares/Third_Party/OpenAMP/rpmsg.o
 .text.rpmsg_get_address
                0x10007c80       0x42 ./Middlewares/Third_Party/OpenAMP/rpmsg.o
 .text.rpmsg_release_address
                0x10007cc2       0x32 ./Middlewares/Third_Party/OpenAMP/rpmsg.o
 .text.rpmsg_is_address_set
                0x10007cf4       0x3c ./Middlewares/Third_Party/OpenAMP/rpmsg.o
 .text.rpmsg_set_address
                0x10007d30       0x3c ./Middlewares/Third_Party/OpenAMP/rpmsg.o
 .text.rpmsg_send_offchannel_raw
                0x10007d6c       0x64 ./Middlewares/Third_Party/OpenAMP/rpmsg.o
                0x10007d6c                rpmsg_send_offchannel_raw
 .text.rpmsg_send_ns_message
                0x10007dd0       0x50 ./Middlewares/Third_Party/OpenAMP/rpmsg.o
                0x10007dd0                rpmsg_send_ns_message
 .text.rpmsg_get_endpoint
                0x10007e20       0xc0 ./Middlewares/Third_Party/OpenAMP/rpmsg.o
                0x10007e20                rpmsg_get_endpoint
 .text.rpmsg_unregister_endpoint
                0x10007ee0       0x56 ./Middlewares/Third_Party/OpenAMP/rpmsg.o
 .text.rpmsg_register_endpoint
                0x10007f36       0x26 ./Middlewares/Third_Party/OpenAMP/rpmsg.o
                0x10007f36                rpmsg_register_endpoint
 .text.rpmsg_create_ept
                0x10007f5c      0x104 ./Middlewares/Third_Party/OpenAMP/rpmsg.o
                0x10007f5c                rpmsg_create_ept
 .text.__metal_sleep_usec
                0x10008060       0x16 ./Middlewares/Third_Party/OpenAMP/rpmsg_virtio.o
 .text.metal_sleep_usec
                0x10008076       0x18 ./Middlewares/Third_Party/OpenAMP/rpmsg_virtio.o
 .text.metal_list_init
                0x1000808e       0x20 ./Middlewares/Third_Party/OpenAMP/rpmsg_virtio.o
 .text.metal_io_virt_to_offset
                0x100080ae       0x32 ./Middlewares/Third_Party/OpenAMP/rpmsg_virtio.o
 .text.__metal_mutex_init
                0x100080e0       0x2c ./Middlewares/Third_Party/OpenAMP/rpmsg_virtio.o
 .text.__metal_mutex_acquire
                0x1000810c       0x5e ./Middlewares/Third_Party/OpenAMP/rpmsg_virtio.o
 .text.__metal_mutex_release
                0x1000816a       0x2c ./Middlewares/Third_Party/OpenAMP/rpmsg_virtio.o
 .text.metal_mutex_init
                0x10008196       0x16 ./Middlewares/Third_Party/OpenAMP/rpmsg_virtio.o
 .text.metal_mutex_acquire
                0x100081ac       0x16 ./Middlewares/Third_Party/OpenAMP/rpmsg_virtio.o
 .text.metal_mutex_release
                0x100081c2       0x16 ./Middlewares/Third_Party/OpenAMP/rpmsg_virtio.o
 .text.rpmsg_virtio_get_role
                0x100081d8       0x1a ./Middlewares/Third_Party/OpenAMP/rpmsg_virtio.o
 .text.rpmsg_virtio_set_status
                0x100081f2       0x26 ./Middlewares/Third_Party/OpenAMP/rpmsg_virtio.o
 .text.rpmsg_virtio_get_status
                0x10008218       0x22 ./Middlewares/Third_Party/OpenAMP/rpmsg_virtio.o
 .text.rpmsg_virtio_get_features
                0x1000823a       0x22 ./Middlewares/Third_Party/OpenAMP/rpmsg_virtio.o
 .text.rpmsg_virtio_create_virtqueues
                0x1000825c       0x2a ./Middlewares/Third_Party/OpenAMP/rpmsg_virtio.o
 *fill*         0x10008286        0x2 
 .text.rpmsg_initialize_ept
                0x10008288       0x48 ./Middlewares/Third_Party/OpenAMP/rpmsg_virtio.o
 .text.rpmsg_get_ept_from_addr
                0x100082d0       0x22 ./Middlewares/Third_Party/OpenAMP/rpmsg_virtio.o
 .text.rpmsg_virtio_init_shm_pool
                0x100082f2       0x32 ./Middlewares/Third_Party/OpenAMP/rpmsg_virtio.o
                0x100082f2                rpmsg_virtio_init_shm_pool
 .text.rpmsg_virtio_return_buffer
                0x10008324       0x32 ./Middlewares/Third_Party/OpenAMP/rpmsg_virtio.o
 .text.rpmsg_virtio_enqueue_buffer
                0x10008356       0x3a ./Middlewares/Third_Party/OpenAMP/rpmsg_virtio.o
 .text.rpmsg_virtio_get_tx_buffer
                0x10008390       0x3a ./Middlewares/Third_Party/OpenAMP/rpmsg_virtio.o
 .text.rpmsg_virtio_get_rx_buffer
                0x100083ca       0x38 ./Middlewares/Third_Party/OpenAMP/rpmsg_virtio.o
 .text.rpmsg_virtio_wait_remote_ready
                0x10008402       0x3a ./Middlewares/Third_Party/OpenAMP/rpmsg_virtio.o
 .text.rpmsg_virtio_hold_rx_buffer
                0x1000843c       0x28 ./Middlewares/Third_Party/OpenAMP/rpmsg_virtio.o
 .text.rpmsg_virtio_release_rx_buffer
                0x10008464       0x52 ./Middlewares/Third_Party/OpenAMP/rpmsg_virtio.o
 .text.rpmsg_virtio_get_tx_payload_buffer
                0x100084b6       0xa4 ./Middlewares/Third_Party/OpenAMP/rpmsg_virtio.o
 *fill*         0x1000855a        0x2 
 .text.rpmsg_virtio_send_offchannel_nocopy
                0x1000855c       0xd8 ./Middlewares/Third_Party/OpenAMP/rpmsg_virtio.o
 .text.rpmsg_virtio_send_offchannel_raw
                0x10008634       0x98 ./Middlewares/Third_Party/OpenAMP/rpmsg_virtio.o
 .text.rpmsg_virtio_tx_callback
                0x100086cc       0x14 ./Middlewares/Third_Party/OpenAMP/rpmsg_virtio.o
 .text.rpmsg_virtio_rx_callback
                0x100086e0      0x124 ./Middlewares/Third_Party/OpenAMP/rpmsg_virtio.o
 .text.rpmsg_virtio_ns_callback
                0x10008804       0xe6 ./Middlewares/Third_Party/OpenAMP/rpmsg_virtio.o
 *fill*         0x100088ea        0x2 
 .text.rpmsg_init_vdev
                0x100088ec      0x1a0 ./Middlewares/Third_Party/OpenAMP/rpmsg_virtio.o
                0x100088ec                rpmsg_init_vdev
 .text.metal_machine_cache_flush
                0x10008a8c       0x16 ./Middlewares/Third_Party/OpenAMP/sys.o
                0x10008a8c                metal_machine_cache_flush
 .text.metal_machine_cache_invalidate
                0x10008aa2       0x16 ./Middlewares/Third_Party/OpenAMP/sys.o
                0x10008aa2                metal_machine_cache_invalidate
 .text.metal_machine_io_mem_map
                0x10008ab8       0x1c ./Middlewares/Third_Party/OpenAMP/sys.o
                0x10008ab8                metal_machine_io_mem_map
 .text.rpmsg_send
                0x10008ad4       0x2e ./Middlewares/Third_Party/OpenAMP/virt_uart.o
 .text.VIRT_UART_read_cb
                0x10008b02       0x3c ./Middlewares/Third_Party/OpenAMP/virt_uart.o
 *fill*         0x10008b3e        0x2 
 .text.VIRT_UART_Init
                0x10008b40       0x38 ./Middlewares/Third_Party/OpenAMP/virt_uart.o
                0x10008b40                VIRT_UART_Init
 .text.VIRT_UART_RegisterCallback
                0x10008b78       0x34 ./Middlewares/Third_Party/OpenAMP/virt_uart.o
                0x10008b78                VIRT_UART_RegisterCallback
 .text.VIRT_UART_Transmit
                0x10008bac       0x3c ./Middlewares/Third_Party/OpenAMP/virt_uart.o
                0x10008bac                VIRT_UART_Transmit
 .text.virtio_create_virtqueues
                0x10008be8       0x9c ./Middlewares/Third_Party/OpenAMP/virtio.o
                0x10008be8                virtio_create_virtqueues
 .text.vring_init
                0x10008c84       0x52 ./Middlewares/Third_Party/OpenAMP/virtqueue.o
 .text.vring_need_event
                0x10008cd6       0x3c ./Middlewares/Third_Party/OpenAMP/virtqueue.o
 .text.metal_io_virt
                0x10008d12       0x38 ./Middlewares/Third_Party/OpenAMP/virtqueue.o
 .text.metal_io_phys
                0x10008d4a       0x6e ./Middlewares/Third_Party/OpenAMP/virtqueue.o
 .text.metal_io_phys_to_offset
                0x10008db8       0x76 ./Middlewares/Third_Party/OpenAMP/virtqueue.o
 .text.metal_io_phys_to_virt
                0x10008e2e       0x26 ./Middlewares/Third_Party/OpenAMP/virtqueue.o
 .text.virtqueue_phys_to_virt
                0x10008e54       0x22 ./Middlewares/Third_Party/OpenAMP/virtqueue.o
 .text.virtqueue_create
                0x10008e76       0x62 ./Middlewares/Third_Party/OpenAMP/virtqueue.o
                0x10008e76                virtqueue_create
 .text.virtqueue_get_buffer_length
                0x10008ed8       0x24 ./Middlewares/Third_Party/OpenAMP/virtqueue.o
                0x10008ed8                virtqueue_get_buffer_length
 .text.virtqueue_get_available_buffer
                0x10008efc       0x90 ./Middlewares/Third_Party/OpenAMP/virtqueue.o
                0x10008efc                virtqueue_get_available_buffer
 .text.virtqueue_add_consumed_buffer
                0x10008f8c       0x84 ./Middlewares/Third_Party/OpenAMP/virtqueue.o
                0x10008f8c                virtqueue_add_consumed_buffer
 .text.virtqueue_disable_cb
                0x10009010       0x70 ./Middlewares/Third_Party/OpenAMP/virtqueue.o
                0x10009010                virtqueue_disable_cb
 .text.virtqueue_kick
                0x10009080       0x2c ./Middlewares/Third_Party/OpenAMP/virtqueue.o
                0x10009080                virtqueue_kick
 .text.vq_ring_init
                0x100090ac       0x2c ./Middlewares/Third_Party/OpenAMP/virtqueue.o
 .text.virtqueue_notification
                0x100090d8       0x24 ./Middlewares/Third_Party/OpenAMP/virtqueue.o
                0x100090d8                virtqueue_notification
 .text.vq_ring_must_notify
                0x100090fc       0x9c ./Middlewares/Third_Party/OpenAMP/virtqueue.o
 .text.vq_ring_notify
                0x10009198       0x20 ./Middlewares/Third_Party/OpenAMP/virtqueue.o
 .text.MAILBOX_Init
                0x100091b8       0x48 ./OPENAMP/mbox_ipcc.o
                0x100091b8                MAILBOX_Init
 .text.MAILBOX_Poll
                0x10009200       0x54 ./OPENAMP/mbox_ipcc.o
                0x10009200                MAILBOX_Poll
 .text.MAILBOX_Notify
                0x10009254       0x64 ./OPENAMP/mbox_ipcc.o
                0x10009254                MAILBOX_Notify
 .text.IPCC_channel1_callback
                0x100092b8       0x2c ./OPENAMP/mbox_ipcc.o
                0x100092b8                IPCC_channel1_callback
 .text.IPCC_channel2_callback
                0x100092e4       0x2c ./OPENAMP/mbox_ipcc.o
                0x100092e4                IPCC_channel2_callback
 .text.metal_device_io_region
                0x10009310       0x36 ./OPENAMP/openamp.o
 *fill*         0x10009346        0x2 
 .text.OPENAMP_shmem_init
                0x10009348      0x140 ./OPENAMP/openamp.o
 .text.MX_OPENAMP_Init
                0x10009488      0x128 ./OPENAMP/openamp.o
                0x10009488                MX_OPENAMP_Init
 .text.OPENAMP_create_endpoint
                0x100095b0       0x3c ./OPENAMP/openamp.o
                0x100095b0                OPENAMP_create_endpoint
 .text.OPENAMP_check_for_message
                0x100095ec       0x18 ./OPENAMP/openamp.o
                0x100095ec                OPENAMP_check_for_message
 .text.resource_table_init
                0x10009604       0x28 ./OPENAMP/rsc_table.o
                0x10009604                resource_table_init
 .text.__assert_func
                0x1000962c       0x3c C:/ST/STM32CubeIDE_1.16.0/STM32CubeIDE/plugins/com.st.stm32cube.ide.mcu.externaltools.gnu-tools-for-stm32.12.3.rel1.win32_1.0.200.202406191623/tools/bin/../lib/gcc/arm-none-eabi/12.3.1/../../../../arm-none-eabi/lib/thumb/v7e-m+fp/hard\libc_nano.a(libc_a-assert.o)
                0x1000962c                __assert_func
 .text.atoi     0x10009668        0x8 C:/ST/STM32CubeIDE_1.16.0/STM32CubeIDE/plugins/com.st.stm32cube.ide.mcu.externaltools.gnu-tools-for-stm32.12.3.rel1.win32_1.0.200.202406191623/tools/bin/../lib/gcc/arm-none-eabi/12.3.1/../../../../arm-none-eabi/lib/thumb/v7e-m+fp/hard\libc_nano.a(libc_a-atoi.o)
                0x10009668                atoi
 .text.malloc   0x10009670       0x10 C:/ST/STM32CubeIDE_1.16.0/STM32CubeIDE/plugins/com.st.stm32cube.ide.mcu.externaltools.gnu-tools-for-stm32.12.3.rel1.win32_1.0.200.202406191623/tools/bin/../lib/gcc/arm-none-eabi/12.3.1/../../../../arm-none-eabi/lib/thumb/v7e-m+fp/hard\libc_nano.a(libc_a-malloc.o)
                0x10009670                malloc
 .text.free     0x10009680       0x10 C:/ST/STM32CubeIDE_1.16.0/STM32CubeIDE/plugins/com.st.stm32cube.ide.mcu.externaltools.gnu-tools-for-stm32.12.3.rel1.win32_1.0.200.202406191623/tools/bin/../lib/gcc/arm-none-eabi/12.3.1/../../../../arm-none-eabi/lib/thumb/v7e-m+fp/hard\libc_nano.a(libc_a-malloc.o)
                0x10009680                free
 .text.sbrk_aligned
                0x10009690       0x44 C:/ST/STM32CubeIDE_1.16.0/STM32CubeIDE/plugins/com.st.stm32cube.ide.mcu.externaltools.gnu-tools-for-stm32.12.3.rel1.win32_1.0.200.202406191623/tools/bin/../lib/gcc/arm-none-eabi/12.3.1/../../../../arm-none-eabi/lib/thumb/v7e-m+fp/hard\libc_nano.a(libc_a-mallocr.o)
 .text._malloc_r
                0x100096d4      0x100 C:/ST/STM32CubeIDE_1.16.0/STM32CubeIDE/plugins/com.st.stm32cube.ide.mcu.externaltools.gnu-tools-for-stm32.12.3.rel1.win32_1.0.200.202406191623/tools/bin/../lib/gcc/arm-none-eabi/12.3.1/../../../../arm-none-eabi/lib/thumb/v7e-m+fp/hard\libc_nano.a(libc_a-mallocr.o)
                0x100096d4                _malloc_r
 .text.__malloc_lock
                0x100097d4        0xc C:/ST/STM32CubeIDE_1.16.0/STM32CubeIDE/plugins/com.st.stm32cube.ide.mcu.externaltools.gnu-tools-for-stm32.12.3.rel1.win32_1.0.200.202406191623/tools/bin/../lib/gcc/arm-none-eabi/12.3.1/../../../../arm-none-eabi/lib/thumb/v7e-m+fp/hard\libc_nano.a(libc_a-mlock.o)
                0x100097d4                __malloc_lock
 .text.__malloc_unlock
                0x100097e0        0xc C:/ST/STM32CubeIDE_1.16.0/STM32CubeIDE/plugins/com.st.stm32cube.ide.mcu.externaltools.gnu-tools-for-stm32.12.3.rel1.win32_1.0.200.202406191623/tools/bin/../lib/gcc/arm-none-eabi/12.3.1/../../../../arm-none-eabi/lib/thumb/v7e-m+fp/hard\libc_nano.a(libc_a-mlock.o)
                0x100097e0                __malloc_unlock
 .text._strtol_l.constprop.0
                0x100097ec       0xf4 C:/ST/STM32CubeIDE_1.16.0/STM32CubeIDE/plugins/com.st.stm32cube.ide.mcu.externaltools.gnu-tools-for-stm32.12.3.rel1.win32_1.0.200.202406191623/tools/bin/../lib/gcc/arm-none-eabi/12.3.1/../../../../arm-none-eabi/lib/thumb/v7e-m+fp/hard\libc_nano.a(libc_a-strtol.o)
 .text.strtol   0x100098e0       0x14 C:/ST/STM32CubeIDE_1.16.0/STM32CubeIDE/plugins/com.st.stm32cube.ide.mcu.externaltools.gnu-tools-for-stm32.12.3.rel1.win32_1.0.200.202406191623/tools/bin/../lib/gcc/arm-none-eabi/12.3.1/../../../../arm-none-eabi/lib/thumb/v7e-m+fp/hard\libc_nano.a(libc_a-strtol.o)
                0x100098e0                strtol
 .text.std      0x100098f4       0x6c C:/ST/STM32CubeIDE_1.16.0/STM32CubeIDE/plugins/com.st.stm32cube.ide.mcu.externaltools.gnu-tools-for-stm32.12.3.rel1.win32_1.0.200.202406191623/tools/bin/../lib/gcc/arm-none-eabi/12.3.1/../../../../arm-none-eabi/lib/thumb/v7e-m+fp/hard\libc_nano.a(libc_a-findfp.o)
 .text.stdio_exit_handler
                0x10009960       0x18 C:/ST/STM32CubeIDE_1.16.0/STM32CubeIDE/plugins/com.st.stm32cube.ide.mcu.externaltools.gnu-tools-for-stm32.12.3.rel1.win32_1.0.200.202406191623/tools/bin/../lib/gcc/arm-none-eabi/12.3.1/../../../../arm-none-eabi/lib/thumb/v7e-m+fp/hard\libc_nano.a(libc_a-findfp.o)
 .text.cleanup_stdio
                0x10009978       0x40 C:/ST/STM32CubeIDE_1.16.0/STM32CubeIDE/plugins/com.st.stm32cube.ide.mcu.externaltools.gnu-tools-for-stm32.12.3.rel1.win32_1.0.200.202406191623/tools/bin/../lib/gcc/arm-none-eabi/12.3.1/../../../../arm-none-eabi/lib/thumb/v7e-m+fp/hard\libc_nano.a(libc_a-findfp.o)
 .text.global_stdio_init.part.0
                0x100099b8       0x3c C:/ST/STM32CubeIDE_1.16.0/STM32CubeIDE/plugins/com.st.stm32cube.ide.mcu.externaltools.gnu-tools-for-stm32.12.3.rel1.win32_1.0.200.202406191623/tools/bin/../lib/gcc/arm-none-eabi/12.3.1/../../../../arm-none-eabi/lib/thumb/v7e-m+fp/hard\libc_nano.a(libc_a-findfp.o)
 .text.__sfp_lock_acquire
                0x100099f4        0xc C:/ST/STM32CubeIDE_1.16.0/STM32CubeIDE/plugins/com.st.stm32cube.ide.mcu.externaltools.gnu-tools-for-stm32.12.3.rel1.win32_1.0.200.202406191623/tools/bin/../lib/gcc/arm-none-eabi/12.3.1/../../../../arm-none-eabi/lib/thumb/v7e-m+fp/hard\libc_nano.a(libc_a-findfp.o)
                0x100099f4                __sfp_lock_acquire
 .text.__sfp_lock_release
                0x10009a00        0xc C:/ST/STM32CubeIDE_1.16.0/STM32CubeIDE/plugins/com.st.stm32cube.ide.mcu.externaltools.gnu-tools-for-stm32.12.3.rel1.win32_1.0.200.202406191623/tools/bin/../lib/gcc/arm-none-eabi/12.3.1/../../../../arm-none-eabi/lib/thumb/v7e-m+fp/hard\libc_nano.a(libc_a-findfp.o)
                0x10009a00                __sfp_lock_release
 .text.__sinit  0x10009a0c       0x30 C:/ST/STM32CubeIDE_1.16.0/STM32CubeIDE/plugins/com.st.stm32cube.ide.mcu.externaltools.gnu-tools-for-stm32.12.3.rel1.win32_1.0.200.202406191623/tools/bin/../lib/gcc/arm-none-eabi/12.3.1/../../../../arm-none-eabi/lib/thumb/v7e-m+fp/hard\libc_nano.a(libc_a-findfp.o)
                0x10009a0c                __sinit
 .text.fprintf  0x10009a3c       0x24 C:/ST/STM32CubeIDE_1.16.0/STM32CubeIDE/plugins/com.st.stm32cube.ide.mcu.externaltools.gnu-tools-for-stm32.12.3.rel1.win32_1.0.200.202406191623/tools/bin/../lib/gcc/arm-none-eabi/12.3.1/../../../../arm-none-eabi/lib/thumb/v7e-m+fp/hard\libc_nano.a(libc_a-fprintf.o)
                0x10009a3c                fiprintf
                0x10009a3c                fprintf
 .text._fwalk_sglue
                0x10009a60       0x3c C:/ST/STM32CubeIDE_1.16.0/STM32CubeIDE/plugins/com.st.stm32cube.ide.mcu.externaltools.gnu-tools-for-stm32.12.3.rel1.win32_1.0.200.202406191623/tools/bin/../lib/gcc/arm-none-eabi/12.3.1/../../../../arm-none-eabi/lib/thumb/v7e-m+fp/hard\libc_nano.a(libc_a-fwalk.o)
                0x10009a60                _fwalk_sglue
 .text.sprintf  0x10009a9c       0x40 C:/ST/STM32CubeIDE_1.16.0/STM32CubeIDE/plugins/com.st.stm32cube.ide.mcu.externaltools.gnu-tools-for-stm32.12.3.rel1.win32_1.0.200.202406191623/tools/bin/../lib/gcc/arm-none-eabi/12.3.1/../../../../arm-none-eabi/lib/thumb/v7e-m+fp/hard\libc_nano.a(libc_a-sprintf.o)
                0x10009a9c                siprintf
                0x10009a9c                sprintf
 .text.__sread  0x10009adc       0x22 C:/ST/STM32CubeIDE_1.16.0/STM32CubeIDE/plugins/com.st.stm32cube.ide.mcu.externaltools.gnu-tools-for-stm32.12.3.rel1.win32_1.0.200.202406191623/tools/bin/../lib/gcc/arm-none-eabi/12.3.1/../../../../arm-none-eabi/lib/thumb/v7e-m+fp/hard\libc_nano.a(libc_a-stdio.o)
                0x10009adc                __sread
 .text.__swrite
                0x10009afe       0x38 C:/ST/STM32CubeIDE_1.16.0/STM32CubeIDE/plugins/com.st.stm32cube.ide.mcu.externaltools.gnu-tools-for-stm32.12.3.rel1.win32_1.0.200.202406191623/tools/bin/../lib/gcc/arm-none-eabi/12.3.1/../../../../arm-none-eabi/lib/thumb/v7e-m+fp/hard\libc_nano.a(libc_a-stdio.o)
                0x10009afe                __swrite
 .text.__sseek  0x10009b36       0x24 C:/ST/STM32CubeIDE_1.16.0/STM32CubeIDE/plugins/com.st.stm32cube.ide.mcu.externaltools.gnu-tools-for-stm32.12.3.rel1.win32_1.0.200.202406191623/tools/bin/../lib/gcc/arm-none-eabi/12.3.1/../../../../arm-none-eabi/lib/thumb/v7e-m+fp/hard\libc_nano.a(libc_a-stdio.o)
                0x10009b36                __sseek
 .text.__sclose
                0x10009b5a        0x8 C:/ST/STM32CubeIDE_1.16.0/STM32CubeIDE/plugins/com.st.stm32cube.ide.mcu.externaltools.gnu-tools-for-stm32.12.3.rel1.win32_1.0.200.202406191623/tools/bin/../lib/gcc/arm-none-eabi/12.3.1/../../../../arm-none-eabi/lib/thumb/v7e-m+fp/hard\libc_nano.a(libc_a-stdio.o)
                0x10009b5a                __sclose
 .text.memset   0x10009b62       0x10 C:/ST/STM32CubeIDE_1.16.0/STM32CubeIDE/plugins/com.st.stm32cube.ide.mcu.externaltools.gnu-tools-for-stm32.12.3.rel1.win32_1.0.200.202406191623/tools/bin/../lib/gcc/arm-none-eabi/12.3.1/../../../../arm-none-eabi/lib/thumb/v7e-m+fp/hard\libc_nano.a(libc_a-memset.o)
                0x10009b62                memset
 .text.strncmp  0x10009b72       0x24 C:/ST/STM32CubeIDE_1.16.0/STM32CubeIDE/plugins/com.st.stm32cube.ide.mcu.externaltools.gnu-tools-for-stm32.12.3.rel1.win32_1.0.200.202406191623/tools/bin/../lib/gcc/arm-none-eabi/12.3.1/../../../../arm-none-eabi/lib/thumb/v7e-m+fp/hard\libc_nano.a(libc_a-strncmp.o)
                0x10009b72                strncmp
 .text.strncpy  0x10009b96       0x26 C:/ST/STM32CubeIDE_1.16.0/STM32CubeIDE/plugins/com.st.stm32cube.ide.mcu.externaltools.gnu-tools-for-stm32.12.3.rel1.win32_1.0.200.202406191623/tools/bin/../lib/gcc/arm-none-eabi/12.3.1/../../../../arm-none-eabi/lib/thumb/v7e-m+fp/hard\libc_nano.a(libc_a-strncpy.o)
                0x10009b96                strncpy
 .text._close_r
                0x10009bbc       0x20 C:/ST/STM32CubeIDE_1.16.0/STM32CubeIDE/plugins/com.st.stm32cube.ide.mcu.externaltools.gnu-tools-for-stm32.12.3.rel1.win32_1.0.200.202406191623/tools/bin/../lib/gcc/arm-none-eabi/12.3.1/../../../../arm-none-eabi/lib/thumb/v7e-m+fp/hard\libc_nano.a(libc_a-closer.o)
                0x10009bbc                _close_r
 .text._lseek_r
                0x10009bdc       0x24 C:/ST/STM32CubeIDE_1.16.0/STM32CubeIDE/plugins/com.st.stm32cube.ide.mcu.externaltools.gnu-tools-for-stm32.12.3.rel1.win32_1.0.200.202406191623/tools/bin/../lib/gcc/arm-none-eabi/12.3.1/../../../../arm-none-eabi/lib/thumb/v7e-m+fp/hard\libc_nano.a(libc_a-lseekr.o)
                0x10009bdc                _lseek_r
 .text._read_r  0x10009c00       0x24 C:/ST/STM32CubeIDE_1.16.0/STM32CubeIDE/plugins/com.st.stm32cube.ide.mcu.externaltools.gnu-tools-for-stm32.12.3.rel1.win32_1.0.200.202406191623/tools/bin/../lib/gcc/arm-none-eabi/12.3.1/../../../../arm-none-eabi/lib/thumb/v7e-m+fp/hard\libc_nano.a(libc_a-readr.o)
                0x10009c00                _read_r
 .text._sbrk_r  0x10009c24       0x20 C:/ST/STM32CubeIDE_1.16.0/STM32CubeIDE/plugins/com.st.stm32cube.ide.mcu.externaltools.gnu-tools-for-stm32.12.3.rel1.win32_1.0.200.202406191623/tools/bin/../lib/gcc/arm-none-eabi/12.3.1/../../../../arm-none-eabi/lib/thumb/v7e-m+fp/hard\libc_nano.a(libc_a-sbrkr.o)
                0x10009c24                _sbrk_r
 .text._write_r
                0x10009c44       0x24 C:/ST/STM32CubeIDE_1.16.0/STM32CubeIDE/plugins/com.st.stm32cube.ide.mcu.externaltools.gnu-tools-for-stm32.12.3.rel1.win32_1.0.200.202406191623/tools/bin/../lib/gcc/arm-none-eabi/12.3.1/../../../../arm-none-eabi/lib/thumb/v7e-m+fp/hard\libc_nano.a(libc_a-writer.o)
                0x10009c44                _write_r
 .text.__errno  0x10009c68        0xc C:/ST/STM32CubeIDE_1.16.0/STM32CubeIDE/plugins/com.st.stm32cube.ide.mcu.externaltools.gnu-tools-for-stm32.12.3.rel1.win32_1.0.200.202406191623/tools/bin/../lib/gcc/arm-none-eabi/12.3.1/../../../../arm-none-eabi/lib/thumb/v7e-m+fp/hard\libc_nano.a(libc_a-errno.o)
                0x10009c68                __errno
 .text.__libc_init_array
                0x10009c74       0x48 C:/ST/STM32CubeIDE_1.16.0/STM32CubeIDE/plugins/com.st.stm32cube.ide.mcu.externaltools.gnu-tools-for-stm32.12.3.rel1.win32_1.0.200.202406191623/tools/bin/../lib/gcc/arm-none-eabi/12.3.1/../../../../arm-none-eabi/lib/thumb/v7e-m+fp/hard\libc_nano.a(libc_a-init.o)
                0x10009c74                __libc_init_array
 .text.__retarget_lock_init_recursive
                0x10009cbc        0x2 C:/ST/STM32CubeIDE_1.16.0/STM32CubeIDE/plugins/com.st.stm32cube.ide.mcu.externaltools.gnu-tools-for-stm32.12.3.rel1.win32_1.0.200.202406191623/tools/bin/../lib/gcc/arm-none-eabi/12.3.1/../../../../arm-none-eabi/lib/thumb/v7e-m+fp/hard\libc_nano.a(libc_a-lock.o)
                0x10009cbc                __retarget_lock_init_recursive
 .text.__retarget_lock_acquire_recursive
                0x10009cbe        0x2 C:/ST/STM32CubeIDE_1.16.0/STM32CubeIDE/plugins/com.st.stm32cube.ide.mcu.externaltools.gnu-tools-for-stm32.12.3.rel1.win32_1.0.200.202406191623/tools/bin/../lib/gcc/arm-none-eabi/12.3.1/../../../../arm-none-eabi/lib/thumb/v7e-m+fp/hard\libc_nano.a(libc_a-lock.o)
                0x10009cbe                __retarget_lock_acquire_recursive
 .text.__retarget_lock_release_recursive
                0x10009cc0        0x2 C:/ST/STM32CubeIDE_1.16.0/STM32CubeIDE/plugins/com.st.stm32cube.ide.mcu.externaltools.gnu-tools-for-stm32.12.3.rel1.win32_1.0.200.202406191623/tools/bin/../lib/gcc/arm-none-eabi/12.3.1/../../../../arm-none-eabi/lib/thumb/v7e-m+fp/hard\libc_nano.a(libc_a-lock.o)
                0x10009cc0                __retarget_lock_release_recursive
 .text.memcpy   0x10009cc2       0x1c C:/ST/STM32CubeIDE_1.16.0/STM32CubeIDE/plugins/com.st.stm32cube.ide.mcu.externaltools.gnu-tools-for-stm32.12.3.rel1.win32_1.0.200.202406191623/tools/bin/../lib/gcc/arm-none-eabi/12.3.1/../../../../arm-none-eabi/lib/thumb/v7e-m+fp/hard\libc_nano.a(libc_a-memcpy-stub.o)
                0x10009cc2                memcpy
 .text.abort    0x10009cde        0xe C:/ST/STM32CubeIDE_1.16.0/STM32CubeIDE/plugins/com.st.stm32cube.ide.mcu.externaltools.gnu-tools-for-stm32.12.3.rel1.win32_1.0.200.202406191623/tools/bin/../lib/gcc/arm-none-eabi/12.3.1/../../../../arm-none-eabi/lib/thumb/v7e-m+fp/hard\libc_nano.a(libc_a-abort.o)
                0x10009cde                abort
 .text._free_r  0x10009cec       0x94 C:/ST/STM32CubeIDE_1.16.0/STM32CubeIDE/plugins/com.st.stm32cube.ide.mcu.externaltools.gnu-tools-for-stm32.12.3.rel1.win32_1.0.200.202406191623/tools/bin/../lib/gcc/arm-none-eabi/12.3.1/../../../../arm-none-eabi/lib/thumb/v7e-m+fp/hard\libc_nano.a(libc_a-freer.o)
                0x10009cec                _free_r
 .text.__ssputs_r
                0x10009d80       0xb6 C:/ST/STM32CubeIDE_1.16.0/STM32CubeIDE/plugins/com.st.stm32cube.ide.mcu.externaltools.gnu-tools-for-stm32.12.3.rel1.win32_1.0.200.202406191623/tools/bin/../lib/gcc/arm-none-eabi/12.3.1/../../../../arm-none-eabi/lib/thumb/v7e-m+fp/hard\libc_nano.a(libc_a-nano-svfprintf.o)
                0x10009d80                __ssputs_r
 *fill*         0x10009e36        0x2 
 .text._svfprintf_r
                0x10009e38      0x1f8 C:/ST/STM32CubeIDE_1.16.0/STM32CubeIDE/plugins/com.st.stm32cube.ide.mcu.externaltools.gnu-tools-for-stm32.12.3.rel1.win32_1.0.200.202406191623/tools/bin/../lib/gcc/arm-none-eabi/12.3.1/../../../../arm-none-eabi/lib/thumb/v7e-m+fp/hard\libc_nano.a(libc_a-nano-svfprintf.o)
                0x10009e38                _svfiprintf_r
                0x10009e38                _svfprintf_r
 .text.__sfputc_r
                0x1000a030       0x2e C:/ST/STM32CubeIDE_1.16.0/STM32CubeIDE/plugins/com.st.stm32cube.ide.mcu.externaltools.gnu-tools-for-stm32.12.3.rel1.win32_1.0.200.202406191623/tools/bin/../lib/gcc/arm-none-eabi/12.3.1/../../../../arm-none-eabi/lib/thumb/v7e-m+fp/hard\libc_nano.a(libc_a-nano-vfprintf.o)
 .text.__sfputs_r
                0x1000a05e       0x24 C:/ST/STM32CubeIDE_1.16.0/STM32CubeIDE/plugins/com.st.stm32cube.ide.mcu.externaltools.gnu-tools-for-stm32.12.3.rel1.win32_1.0.200.202406191623/tools/bin/../lib/gcc/arm-none-eabi/12.3.1/../../../../arm-none-eabi/lib/thumb/v7e-m+fp/hard\libc_nano.a(libc_a-nano-vfprintf.o)
                0x1000a05e                __sfputs_r
 *fill*         0x1000a082        0x2 
 .text._vfprintf_r
                0x1000a084      0x230 C:/ST/STM32CubeIDE_1.16.0/STM32CubeIDE/plugins/com.st.stm32cube.ide.mcu.externaltools.gnu-tools-for-stm32.12.3.rel1.win32_1.0.200.202406191623/tools/bin/../lib/gcc/arm-none-eabi/12.3.1/../../../../arm-none-eabi/lib/thumb/v7e-m+fp/hard\libc_nano.a(libc_a-nano-vfprintf.o)
                0x1000a084                _vfprintf_r
                0x1000a084                _vfiprintf_r
 .text._printf_common
                0x1000a2b4       0xda C:/ST/STM32CubeIDE_1.16.0/STM32CubeIDE/plugins/com.st.stm32cube.ide.mcu.externaltools.gnu-tools-for-stm32.12.3.rel1.win32_1.0.200.202406191623/tools/bin/../lib/gcc/arm-none-eabi/12.3.1/../../../../arm-none-eabi/lib/thumb/v7e-m+fp/hard\libc_nano.a(libc_a-nano-vfprintf_i.o)
                0x1000a2b4                _printf_common
 *fill*         0x1000a38e        0x2 
 .text._printf_i
                0x1000a390      0x240 C:/ST/STM32CubeIDE_1.16.0/STM32CubeIDE/plugins/com.st.stm32cube.ide.mcu.externaltools.gnu-tools-for-stm32.12.3.rel1.win32_1.0.200.202406191623/tools/bin/../lib/gcc/arm-none-eabi/12.3.1/../../../../arm-none-eabi/lib/thumb/v7e-m+fp/hard\libc_nano.a(libc_a-nano-vfprintf_i.o)
                0x1000a390                _printf_i
 .text.__sflush_r
                0x1000a5d0      0x108 C:/ST/STM32CubeIDE_1.16.0/STM32CubeIDE/plugins/com.st.stm32cube.ide.mcu.externaltools.gnu-tools-for-stm32.12.3.rel1.win32_1.0.200.202406191623/tools/bin/../lib/gcc/arm-none-eabi/12.3.1/../../../../arm-none-eabi/lib/thumb/v7e-m+fp/hard\libc_nano.a(libc_a-fflush.o)
                0x1000a5d0                __sflush_r
 .text._fflush_r
                0x1000a6d8       0x50 C:/ST/STM32CubeIDE_1.16.0/STM32CubeIDE/plugins/com.st.stm32cube.ide.mcu.externaltools.gnu-tools-for-stm32.12.3.rel1.win32_1.0.200.202406191623/tools/bin/../lib/gcc/arm-none-eabi/12.3.1/../../../../arm-none-eabi/lib/thumb/v7e-m+fp/hard\libc_nano.a(libc_a-fflush.o)
                0x1000a6d8                _fflush_r
 .text.__swbuf_r
                0x1000a728       0x7c C:/ST/STM32CubeIDE_1.16.0/STM32CubeIDE/plugins/com.st.stm32cube.ide.mcu.externaltools.gnu-tools-for-stm32.12.3.rel1.win32_1.0.200.202406191623/tools/bin/../lib/gcc/arm-none-eabi/12.3.1/../../../../arm-none-eabi/lib/thumb/v7e-m+fp/hard\libc_nano.a(libc_a-wbuf.o)
                0x1000a728                __swbuf_r
 .text.__swsetup_r
                0x1000a7a4       0xac C:/ST/STM32CubeIDE_1.16.0/STM32CubeIDE/plugins/com.st.stm32cube.ide.mcu.externaltools.gnu-tools-for-stm32.12.3.rel1.win32_1.0.200.202406191623/tools/bin/../lib/gcc/arm-none-eabi/12.3.1/../../../../arm-none-eabi/lib/thumb/v7e-m+fp/hard\libc_nano.a(libc_a-wsetup.o)
                0x1000a7a4                __swsetup_r
 .text.memmove  0x1000a850       0x34 C:/ST/STM32CubeIDE_1.16.0/STM32CubeIDE/plugins/com.st.stm32cube.ide.mcu.externaltools.gnu-tools-for-stm32.12.3.rel1.win32_1.0.200.202406191623/tools/bin/../lib/gcc/arm-none-eabi/12.3.1/../../../../arm-none-eabi/lib/thumb/v7e-m+fp/hard\libc_nano.a(libc_a-memmove.o)
                0x1000a850                memmove
 .text._raise_r
                0x1000a884       0x50 C:/ST/STM32CubeIDE_1.16.0/STM32CubeIDE/plugins/com.st.stm32cube.ide.mcu.externaltools.gnu-tools-for-stm32.12.3.rel1.win32_1.0.200.202406191623/tools/bin/../lib/gcc/arm-none-eabi/12.3.1/../../../../arm-none-eabi/lib/thumb/v7e-m+fp/hard\libc_nano.a(libc_a-signal.o)
                0x1000a884                _raise_r
 .text.raise    0x1000a8d4       0x10 C:/ST/STM32CubeIDE_1.16.0/STM32CubeIDE/plugins/com.st.stm32cube.ide.mcu.externaltools.gnu-tools-for-stm32.12.3.rel1.win32_1.0.200.202406191623/tools/bin/../lib/gcc/arm-none-eabi/12.3.1/../../../../arm-none-eabi/lib/thumb/v7e-m+fp/hard\libc_nano.a(libc_a-signal.o)
                0x1000a8d4                raise
 .text._kill_r  0x1000a8e4       0x24 C:/ST/STM32CubeIDE_1.16.0/STM32CubeIDE/plugins/com.st.stm32cube.ide.mcu.externaltools.gnu-tools-for-stm32.12.3.rel1.win32_1.0.200.202406191623/tools/bin/../lib/gcc/arm-none-eabi/12.3.1/../../../../arm-none-eabi/lib/thumb/v7e-m+fp/hard\libc_nano.a(libc_a-signalr.o)
                0x1000a8e4                _kill_r
 .text._getpid_r
                0x1000a908        0x4 C:/ST/STM32CubeIDE_1.16.0/STM32CubeIDE/plugins/com.st.stm32cube.ide.mcu.externaltools.gnu-tools-for-stm32.12.3.rel1.win32_1.0.200.202406191623/tools/bin/../lib/gcc/arm-none-eabi/12.3.1/../../../../arm-none-eabi/lib/thumb/v7e-m+fp/hard\libc_nano.a(libc_a-signalr.o)
                0x1000a908                _getpid_r
 .text._realloc_r
                0x1000a90c       0x5c C:/ST/STM32CubeIDE_1.16.0/STM32CubeIDE/plugins/com.st.stm32cube.ide.mcu.externaltools.gnu-tools-for-stm32.12.3.rel1.win32_1.0.200.202406191623/tools/bin/../lib/gcc/arm-none-eabi/12.3.1/../../../../arm-none-eabi/lib/thumb/v7e-m+fp/hard\libc_nano.a(libc_a-reallocr.o)
                0x1000a90c                _realloc_r
 .text.__swhatbuf_r
                0x1000a968       0x4c C:/ST/STM32CubeIDE_1.16.0/STM32CubeIDE/plugins/com.st.stm32cube.ide.mcu.externaltools.gnu-tools-for-stm32.12.3.rel1.win32_1.0.200.202406191623/tools/bin/../lib/gcc/arm-none-eabi/12.3.1/../../../../arm-none-eabi/lib/thumb/v7e-m+fp/hard\libc_nano.a(libc_a-makebuf.o)
                0x1000a968                __swhatbuf_r
 .text.__smakebuf_r
                0x1000a9b4       0x78 C:/ST/STM32CubeIDE_1.16.0/STM32CubeIDE/plugins/com.st.stm32cube.ide.mcu.externaltools.gnu-tools-for-stm32.12.3.rel1.win32_1.0.200.202406191623/tools/bin/../lib/gcc/arm-none-eabi/12.3.1/../../../../arm-none-eabi/lib/thumb/v7e-m+fp/hard\libc_nano.a(libc_a-makebuf.o)
                0x1000a9b4                __smakebuf_r
 .text._fstat_r
                0x1000aa2c       0x24 C:/ST/STM32CubeIDE_1.16.0/STM32CubeIDE/plugins/com.st.stm32cube.ide.mcu.externaltools.gnu-tools-for-stm32.12.3.rel1.win32_1.0.200.202406191623/tools/bin/../lib/gcc/arm-none-eabi/12.3.1/../../../../arm-none-eabi/lib/thumb/v7e-m+fp/hard\libc_nano.a(libc_a-fstatr.o)
                0x1000aa2c                _fstat_r
 .text._isatty_r
                0x1000aa50       0x20 C:/ST/STM32CubeIDE_1.16.0/STM32CubeIDE/plugins/com.st.stm32cube.ide.mcu.externaltools.gnu-tools-for-stm32.12.3.rel1.win32_1.0.200.202406191623/tools/bin/../lib/gcc/arm-none-eabi/12.3.1/../../../../arm-none-eabi/lib/thumb/v7e-m+fp/hard\libc_nano.a(libc_a-isattyr.o)
                0x1000aa50                _isatty_r
 .text._malloc_usable_size_r
                0x1000aa70       0x10 C:/ST/STM32CubeIDE_1.16.0/STM32CubeIDE/plugins/com.st.stm32cube.ide.mcu.externaltools.gnu-tools-for-stm32.12.3.rel1.win32_1.0.200.202406191623/tools/bin/../lib/gcc/arm-none-eabi/12.3.1/../../../../arm-none-eabi/lib/thumb/v7e-m+fp/hard\libc_nano.a(libc_a-msizer.o)
                0x1000aa70                _malloc_usable_size_r
 *(.glue_7)
 .glue_7        0x1000aa80        0x0 linker stubs
 *(.glue_7t)
 .glue_7t       0x1000aa80        0x0 linker stubs
 *(.eh_frame)
 .eh_frame      0x1000aa80        0x0 C:/ST/STM32CubeIDE_1.16.0/STM32CubeIDE/plugins/com.st.stm32cube.ide.mcu.externaltools.gnu-tools-for-stm32.12.3.rel1.win32_1.0.200.202406191623/tools/bin/../lib/gcc/arm-none-eabi/12.3.1/thumb/v7e-m+fp/hard/crtbegin.o
 *(.init)
 .init          0x1000aa80        0x4 C:/ST/STM32CubeIDE_1.16.0/STM32CubeIDE/plugins/com.st.stm32cube.ide.mcu.externaltools.gnu-tools-for-stm32.12.3.rel1.win32_1.0.200.202406191623/tools/bin/../lib/gcc/arm-none-eabi/12.3.1/thumb/v7e-m+fp/hard/crti.o
                0x1000aa80                _init
 .init          0x1000aa84        0x8 C:/ST/STM32CubeIDE_1.16.0/STM32CubeIDE/plugins/com.st.stm32cube.ide.mcu.externaltools.gnu-tools-for-stm32.12.3.rel1.win32_1.0.200.202406191623/tools/bin/../lib/gcc/arm-none-eabi/12.3.1/thumb/v7e-m+fp/hard/crtn.o
 *(.fini)
 .fini          0x1000aa8c        0x4 C:/ST/STM32CubeIDE_1.16.0/STM32CubeIDE/plugins/com.st.stm32cube.ide.mcu.externaltools.gnu-tools-for-stm32.12.3.rel1.win32_1.0.200.202406191623/tools/bin/../lib/gcc/arm-none-eabi/12.3.1/thumb/v7e-m+fp/hard/crti.o
                0x1000aa8c                _fini
 .fini          0x1000aa90        0x8 C:/ST/STM32CubeIDE_1.16.0/STM32CubeIDE/plugins/com.st.stm32cube.ide.mcu.externaltools.gnu-tools-for-stm32.12.3.rel1.win32_1.0.200.202406191623/tools/bin/../lib/gcc/arm-none-eabi/12.3.1/thumb/v7e-m+fp/hard/crtn.o
                0x1000aa98                        . = ALIGN (0x4)
                0x1000aa98                        _etext = .

.vfp11_veneer   0x1000aa98        0x0
 .vfp11_veneer  0x1000aa98        0x0 linker stubs

.v4_bx          0x1000aa98        0x0
 .v4_bx         0x1000aa98        0x0 linker stubs

.iplt           0x1000aa98        0x0
 .iplt          0x1000aa98        0x0 C:/ST/STM32CubeIDE_1.16.0/STM32CubeIDE/plugins/com.st.stm32cube.ide.mcu.externaltools.gnu-tools-for-stm32.12.3.rel1.win32_1.0.200.202406191623/tools/bin/../lib/gcc/arm-none-eabi/12.3.1/thumb/v7e-m+fp/hard/crtbegin.o

.startup_copro_fw.Reset_Handler
                0x1000aa98       0x50
 .startup_copro_fw.Reset_Handler
                0x1000aa98       0x50 ./Core/Startup/startup_stm32mp157dacx.o
                0x1000aa98                Reset_Handler

.rodata         0x1000aae8      0x550
                0x1000aae8                        . = ALIGN (0x4)
 *(.rodata)
 .rodata        0x1000aae8       0x65 ./Core/Src/main.o
 *fill*         0x1000ab4d        0x3 
 .rodata        0x1000ab50       0x10 ./Drivers/STM32MP1xx_HAL_Driver/stm32mp1xx_hal_uart_ex.o
 .rodata        0x1000ab60       0xbc ./Middlewares/Third_Party/OpenAMP/device.o
 .rodata        0x1000ac1c       0xee ./Middlewares/Third_Party/OpenAMP/remoteproc_virtio.o
 *fill*         0x1000ad0a        0x2 
 .rodata        0x1000ad0c        0x1 ./Middlewares/Third_Party/OpenAMP/rpmsg.o
 *fill*         0x1000ad0d        0x3 
 .rodata        0x1000ad10       0xd7 ./Middlewares/Third_Party/OpenAMP/rpmsg_virtio.o
 *fill*         0x1000ade7        0x1 
 .rodata        0x1000ade8        0xa ./Middlewares/Third_Party/OpenAMP/virt_uart.o
 *fill*         0x1000adf2        0x2 
 .rodata        0x1000adf4       0x1c ./OPENAMP/openamp.o
 *(.rodata*)
 .rodata.remoteproc_virtio_dispatch_funcs
                0x1000ae10       0x24 ./Middlewares/Third_Party/OpenAMP/remoteproc_virtio.o
 .rodata.__func__.1
                0x1000ae34       0x1e ./Middlewares/Third_Party/OpenAMP/remoteproc_virtio.o
 *fill*         0x1000ae52        0x2 
 .rodata.__func__.0
                0x1000ae54        0xe ./Middlewares/Third_Party/OpenAMP/remoteproc_virtio.o
 *fill*         0x1000ae62        0x2 
 .rodata.__func__.2
                0x1000ae64       0x24 ./Middlewares/Third_Party/OpenAMP/rpmsg_virtio.o
 .rodata.__func__.1
                0x1000ae88       0x21 ./Middlewares/Third_Party/OpenAMP/rpmsg_virtio.o
 *fill*         0x1000aea9        0x3 
 .rodata.__func__.0
                0x1000aeac       0x19 ./Middlewares/Third_Party/OpenAMP/rpmsg_virtio.o
 .rodata.__assert_func.str1.1
                0x1000aec5       0x3c C:/ST/STM32CubeIDE_1.16.0/STM32CubeIDE/plugins/com.st.stm32cube.ide.mcu.externaltools.gnu-tools-for-stm32.12.3.rel1.win32_1.0.200.202406191623/tools/bin/../lib/gcc/arm-none-eabi/12.3.1/../../../../arm-none-eabi/lib/thumb/v7e-m+fp/hard\libc_nano.a(libc_a-assert.o)
                                 0x3d (size before relaxing)
 .rodata._ctype_
                0x1000af01      0x101 C:/ST/STM32CubeIDE_1.16.0/STM32CubeIDE/plugins/com.st.stm32cube.ide.mcu.externaltools.gnu-tools-for-stm32.12.3.rel1.win32_1.0.200.202406191623/tools/bin/../lib/gcc/arm-none-eabi/12.3.1/../../../../arm-none-eabi/lib/thumb/v7e-m+fp/hard\libc_nano.a(libc_a-ctype_.o)
                0x1000af01                _ctype_
 .rodata._svfprintf_r.str1.1
                0x1000b002       0x11 C:/ST/STM32CubeIDE_1.16.0/STM32CubeIDE/plugins/com.st.stm32cube.ide.mcu.externaltools.gnu-tools-for-stm32.12.3.rel1.win32_1.0.200.202406191623/tools/bin/../lib/gcc/arm-none-eabi/12.3.1/../../../../arm-none-eabi/lib/thumb/v7e-m+fp/hard\libc_nano.a(libc_a-nano-svfprintf.o)
 .rodata._vfprintf_r.str1.1
                0x1000b013       0x11 C:/ST/STM32CubeIDE_1.16.0/STM32CubeIDE/plugins/com.st.stm32cube.ide.mcu.externaltools.gnu-tools-for-stm32.12.3.rel1.win32_1.0.200.202406191623/tools/bin/../lib/gcc/arm-none-eabi/12.3.1/../../../../arm-none-eabi/lib/thumb/v7e-m+fp/hard\libc_nano.a(libc_a-nano-vfprintf.o)
 .rodata._printf_i.str1.1
                0x1000b013       0x22 C:/ST/STM32CubeIDE_1.16.0/STM32CubeIDE/plugins/com.st.stm32cube.ide.mcu.externaltools.gnu-tools-for-stm32.12.3.rel1.win32_1.0.200.202406191623/tools/bin/../lib/gcc/arm-none-eabi/12.3.1/../../../../arm-none-eabi/lib/thumb/v7e-m+fp/hard\libc_nano.a(libc_a-nano-vfprintf_i.o)
                0x1000b038                        . = ALIGN (0x4)
 *fill*         0x1000b035        0x3 

.ARM.extab      0x1000b038        0x0
                0x1000b038                        . = ALIGN (0x4)
 *(.ARM.extab* .gnu.linkonce.armextab.*)
                0x1000b038                        . = ALIGN (0x4)

.ARM            0x1000b038        0x8
                0x1000b038                        . = ALIGN (0x4)
                0x1000b038                        __exidx_start = .
 *(.ARM.exidx*)
 .ARM.exidx     0x1000b038        0x8 C:/ST/STM32CubeIDE_1.16.0/STM32CubeIDE/plugins/com.st.stm32cube.ide.mcu.externaltools.gnu-tools-for-stm32.12.3.rel1.win32_1.0.200.202406191623/tools/bin/../lib/gcc/arm-none-eabi/12.3.1/../../../../arm-none-eabi/lib/thumb/v7e-m+fp/hard\libc_nano.a(libc_a-strcmp.o)
 .ARM.exidx     0x1000b040        0x0 C:/ST/STM32CubeIDE_1.16.0/STM32CubeIDE/plugins/com.st.stm32cube.ide.mcu.externaltools.gnu-tools-for-stm32.12.3.rel1.win32_1.0.200.202406191623/tools/bin/../lib/gcc/arm-none-eabi/12.3.1/../../../../arm-none-eabi/lib/thumb/v7e-m+fp/hard\libc_nano.a(libc_a-strlen.o)
                                  0x8 (size before relaxing)
 .ARM.exidx     0x1000b040        0x0 C:/ST/STM32CubeIDE_1.16.0/STM32CubeIDE/plugins/com.st.stm32cube.ide.mcu.externaltools.gnu-tools-for-stm32.12.3.rel1.win32_1.0.200.202406191623/tools/bin/../lib/gcc/arm-none-eabi/12.3.1/../../../../arm-none-eabi/lib/thumb/v7e-m+fp/hard\libc_nano.a(libc_a-memchr.o)
                                  0x8 (size before relaxing)
                0x1000b040                        __exidx_end = .
                0x1000b040                        . = ALIGN (0x4)

.preinit_array  0x1000b040        0x0
                0x1000b040                        . = ALIGN (0x4)
                0x1000b040                        PROVIDE (__preinit_array_start = .)
 *(.preinit_array*)
                0x1000b040                        PROVIDE (__preinit_array_end = .)
                0x1000b040                        . = ALIGN (0x4)

.init_array     0x1000b040        0x4
                0x1000b040                        . = ALIGN (0x4)
                0x1000b040                        PROVIDE (__init_array_start = .)
 *(SORT_BY_NAME(.init_array.*))
 *(.init_array*)
 .init_array    0x1000b040        0x4 C:/ST/STM32CubeIDE_1.16.0/STM32CubeIDE/plugins/com.st.stm32cube.ide.mcu.externaltools.gnu-tools-for-stm32.12.3.rel1.win32_1.0.200.202406191623/tools/bin/../lib/gcc/arm-none-eabi/12.3.1/thumb/v7e-m+fp/hard/crtbegin.o
                0x1000b044                        PROVIDE (__init_array_end = .)
                0x1000b044                        . = ALIGN (0x4)

.fini_array     0x1000b044        0x4
                0x1000b044                        . = ALIGN (0x4)
                [!provide]                        PROVIDE (__fini_array_start = .)
 *(SORT_BY_NAME(.fini_array.*))
 *(.fini_array*)
 .fini_array    0x1000b044        0x4 C:/ST/STM32CubeIDE_1.16.0/STM32CubeIDE/plugins/com.st.stm32cube.ide.mcu.externaltools.gnu-tools-for-stm32.12.3.rel1.win32_1.0.200.202406191623/tools/bin/../lib/gcc/arm-none-eabi/12.3.1/thumb/v7e-m+fp/hard/crtbegin.o
                [!provide]                        PROVIDE (__fini_array_end = .)
                0x1000b048                        . = ALIGN (0x4)
                0x1000b048                        __DATA_ROM = .
                0x1000b048                        _sidata = LOADADDR (.data)

.data           0x10020000      0x140 load address 0x1000b048
                0x10020000                        . = ALIGN (0x4)
                0x10020000                        _sdata = .
 *(.data)
 *(.data*)
 .data.SystemCoreClock
                0x10020000        0x4 ./Common/System/system_stm32mp1xx.o
                0x10020000                SystemCoreClock
 .data.temp     0x10020004        0x4 ./Core/Src/main.o
                0x10020004                temp
 .data.dirt     0x10020008        0x4 ./Core/Src/main.o
                0x10020008                dirt
 .data.coef     0x1002000c        0x4 ./Core/Src/main.o
                0x1002000c                coef
 .data.sim_speed
                0x10020010        0x4 ./Core/Src/main.o
                0x10020010                sim_speed
 .data.heat_cap.3
                0x10020014        0x4 ./Core/Src/main.o
 .data.mass.2   0x10020018        0x4 ./Core/Src/main.o
 .data.area.1   0x1002001c        0x4 ./Core/Src/main.o
 .data.air_temp.0
                0x10020020        0x4 ./Core/Src/main.o
 .data.uwTickPrio
                0x10020024        0x4 ./Drivers/STM32MP1xx_HAL_Driver/stm32mp1xx_hal.o
                0x10020024                uwTickPrio
 .data.uwTickFreq
                0x10020028        0x1 ./Drivers/STM32MP1xx_HAL_Driver/stm32mp1xx_hal.o
                0x10020028                uwTickFreq
 *fill*         0x10020029        0x3 
 .data.metal_generic_bus
                0x1002002c       0x2c ./Middlewares/Third_Party/OpenAMP/device.o
                0x1002002c                metal_generic_bus
 .data.shm_device
                0x10020058       0x8c ./OPENAMP/openamp.o
                0x10020058                shm_device
 .data.__sglue  0x100200e4        0xc C:/ST/STM32CubeIDE_1.16.0/STM32CubeIDE/plugins/com.st.stm32cube.ide.mcu.externaltools.gnu-tools-for-stm32.12.3.rel1.win32_1.0.200.202406191623/tools/bin/../lib/gcc/arm-none-eabi/12.3.1/../../../../arm-none-eabi/lib/thumb/v7e-m+fp/hard\libc_nano.a(libc_a-findfp.o)
                0x100200e4                __sglue
 .data._impure_ptr
                0x100200f0        0x4 C:/ST/STM32CubeIDE_1.16.0/STM32CubeIDE/plugins/com.st.stm32cube.ide.mcu.externaltools.gnu-tools-for-stm32.12.3.rel1.win32_1.0.200.202406191623/tools/bin/../lib/gcc/arm-none-eabi/12.3.1/../../../../arm-none-eabi/lib/thumb/v7e-m+fp/hard\libc_nano.a(libc_a-impure.o)
                0x100200f0                _impure_ptr
 .data._impure_data
                0x100200f4       0x4c C:/ST/STM32CubeIDE_1.16.0/STM32CubeIDE/plugins/com.st.stm32cube.ide.mcu.externaltools.gnu-tools-for-stm32.12.3.rel1.win32_1.0.200.202406191623/tools/bin/../lib/gcc/arm-none-eabi/12.3.1/../../../../arm-none-eabi/lib/thumb/v7e-m+fp/hard\libc_nano.a(libc_a-impure.o)
                0x100200f4                _impure_data
                0x10020140                        . = ALIGN (0x4)
                0x10020140                        _edata = .
                0x1000b188                        __DATA_END = (__DATA_ROM + (_edata - _sdata))
                0x10020000                        text_end = (ORIGIN (SRAM1_text) + LENGTH (SRAM1_text))
                0x00000001                        ASSERT ((__DATA_END <= text_end), region SRAM1_text overflowed with text and data)

.igot.plt       0x10020140        0x0 load address 0x1000b188
 .igot.plt      0x10020140        0x0 C:/ST/STM32CubeIDE_1.16.0/STM32CubeIDE/plugins/com.st.stm32cube.ide.mcu.externaltools.gnu-tools-for-stm32.12.3.rel1.win32_1.0.200.202406191623/tools/bin/../lib/gcc/arm-none-eabi/12.3.1/thumb/v7e-m+fp/hard/crtbegin.o

.resource_table
                0x10020140       0x8c load address 0x1000b188
                0x10020140                        . = ALIGN (0x4)
 *(.resource_table*)
 .resource_table
                0x10020140       0x8c ./OPENAMP/rsc_table.o
                0x10020140                resource_table
                0x100201cc                        . = ALIGN (0x4)

.rel.dyn        0x100201cc        0x0 load address 0x1000b214
 .rel.iplt      0x100201cc        0x0 C:/ST/STM32CubeIDE_1.16.0/STM32CubeIDE/plugins/com.st.stm32cube.ide.mcu.externaltools.gnu-tools-for-stm32.12.3.rel1.win32_1.0.200.202406191623/tools/bin/../lib/gcc/arm-none-eabi/12.3.1/thumb/v7e-m+fp/hard/crtbegin.o
                0x100201cc                        . = ALIGN (0x4)

.bss            0x100201cc      0x4cc load address 0x1000b214
                0x100201cc                        _sbss = .
                0x100201cc                        __bss_start__ = _sbss
 *(.bss)
 .bss           0x100201cc       0x1c C:/ST/STM32CubeIDE_1.16.0/STM32CubeIDE/plugins/com.st.stm32cube.ide.mcu.externaltools.gnu-tools-for-stm32.12.3.rel1.win32_1.0.200.202406191623/tools/bin/../lib/gcc/arm-none-eabi/12.3.1/thumb/v7e-m+fp/hard/crtbegin.o
 *(.bss*)
 .bss.hipcc     0x100201e8       0x3c ./Core/Src/ipcc.o
                0x100201e8                hipcc
 .bss.huart0    0x10020224       0x50 ./Core/Src/main.o
                0x10020224                huart0
 .bss.huart1    0x10020274       0x50 ./Core/Src/main.o
                0x10020274                huart1
 .bss.VirtUart0ChannelRxSize
                0x100202c4        0x2 ./Core/Src/main.o
                0x100202c4                VirtUart0ChannelRxSize
 .bss.VirtUart1RxMsg
                0x100202c6        0x1 ./Core/Src/main.o
                0x100202c6                VirtUart1RxMsg
 *fill*         0x100202c7        0x1 
 .bss.VirtUart1ChannelBuffRx
                0x100202c8      0x100 ./Core/Src/main.o
                0x100202c8                VirtUart1ChannelBuffRx
 .bss.VirtUart1ChannelRxSize
                0x100203c8        0x2 ./Core/Src/main.o
                0x100203c8                VirtUart1ChannelRxSize
 *fill*         0x100203ca        0x2 
 .bss.watt      0x100203cc        0x4 ./Core/Src/main.o
                0x100203cc                watt
 .bss.flow      0x100203d0        0x4 ./Core/Src/main.o
                0x100203d0                flow
 .bss.last_t.6  0x100203d4        0x4 ./Core/Src/main.o
 .bss.last_t2.5
                0x100203d8        0x4 ./Core/Src/main.o
 .bss.last_t.4  0x100203dc        0x4 ./Core/Src/main.o
 .bss.__sbrk_heap_end
                0x100203e0        0x4 ./Core/Src/sysmem.o
 .bss.huart7    0x100203e4       0x94 ./Core/Src/usart.o
                0x100203e4                huart7
 .bss.uwTick    0x10020478        0x4 ./Drivers/STM32MP1xx_HAL_Driver/stm32mp1xx_hal.o
                0x10020478                uwTick
 .bss._metal    0x1002047c       0x20 ./Middlewares/Third_Party/OpenAMP/generic_init.o
                0x1002047c                _metal
 .bss.msg_received_ch1
                0x1002049c        0x4 ./OPENAMP/mbox_ipcc.o
                0x1002049c                msg_received_ch1
 .bss.msg_received_ch2
                0x100204a0        0x4 ./OPENAMP/mbox_ipcc.o
                0x100204a0                msg_received_ch2
 .bss.shm_io    0x100204a4        0x4 ./OPENAMP/openamp.o
 .bss.rsc_io    0x100204a8        0x4 ./OPENAMP/openamp.o
 .bss.rsc_table
                0x100204ac        0x4 ./OPENAMP/openamp.o
 .bss.shpool    0x100204b0        0xc ./OPENAMP/openamp.o
 .bss.rvdev     0x100204bc       0x8c ./OPENAMP/openamp.o
 .bss.shm_physmap
                0x10020548        0x4 ./OPENAMP/openamp.o
 .bss.__malloc_sbrk_start
                0x1002054c        0x4 C:/ST/STM32CubeIDE_1.16.0/STM32CubeIDE/plugins/com.st.stm32cube.ide.mcu.externaltools.gnu-tools-for-stm32.12.3.rel1.win32_1.0.200.202406191623/tools/bin/../lib/gcc/arm-none-eabi/12.3.1/../../../../arm-none-eabi/lib/thumb/v7e-m+fp/hard\libc_nano.a(libc_a-mallocr.o)
                0x1002054c                __malloc_sbrk_start
 .bss.__malloc_free_list
                0x10020550        0x4 C:/ST/STM32CubeIDE_1.16.0/STM32CubeIDE/plugins/com.st.stm32cube.ide.mcu.externaltools.gnu-tools-for-stm32.12.3.rel1.win32_1.0.200.202406191623/tools/bin/../lib/gcc/arm-none-eabi/12.3.1/../../../../arm-none-eabi/lib/thumb/v7e-m+fp/hard\libc_nano.a(libc_a-mallocr.o)
                0x10020550                __malloc_free_list
 .bss.__sf      0x10020554      0x138 C:/ST/STM32CubeIDE_1.16.0/STM32CubeIDE/plugins/com.st.stm32cube.ide.mcu.externaltools.gnu-tools-for-stm32.12.3.rel1.win32_1.0.200.202406191623/tools/bin/../lib/gcc/arm-none-eabi/12.3.1/../../../../arm-none-eabi/lib/thumb/v7e-m+fp/hard\libc_nano.a(libc_a-findfp.o)
                0x10020554                __sf
 .bss.__stdio_exit_handler
                0x1002068c        0x4 C:/ST/STM32CubeIDE_1.16.0/STM32CubeIDE/plugins/com.st.stm32cube.ide.mcu.externaltools.gnu-tools-for-stm32.12.3.rel1.win32_1.0.200.202406191623/tools/bin/../lib/gcc/arm-none-eabi/12.3.1/../../../../arm-none-eabi/lib/thumb/v7e-m+fp/hard\libc_nano.a(libc_a-findfp.o)
                0x1002068c                __stdio_exit_handler
 .bss.errno     0x10020690        0x4 C:/ST/STM32CubeIDE_1.16.0/STM32CubeIDE/plugins/com.st.stm32cube.ide.mcu.externaltools.gnu-tools-for-stm32.12.3.rel1.win32_1.0.200.202406191623/tools/bin/../lib/gcc/arm-none-eabi/12.3.1/../../../../arm-none-eabi/lib/thumb/v7e-m+fp/hard\libc_nano.a(libc_a-reent.o)
                0x10020690                errno
 .bss.__lock___malloc_recursive_mutex
                0x10020694        0x1 C:/ST/STM32CubeIDE_1.16.0/STM32CubeIDE/plugins/com.st.stm32cube.ide.mcu.externaltools.gnu-tools-for-stm32.12.3.rel1.win32_1.0.200.202406191623/tools/bin/../lib/gcc/arm-none-eabi/12.3.1/../../../../arm-none-eabi/lib/thumb/v7e-m+fp/hard\libc_nano.a(libc_a-lock.o)
                0x10020694                __lock___malloc_recursive_mutex
 .bss.__lock___sfp_recursive_mutex
                0x10020695        0x1 C:/ST/STM32CubeIDE_1.16.0/STM32CubeIDE/plugins/com.st.stm32cube.ide.mcu.externaltools.gnu-tools-for-stm32.12.3.rel1.win32_1.0.200.202406191623/tools/bin/../lib/gcc/arm-none-eabi/12.3.1/../../../../arm-none-eabi/lib/thumb/v7e-m+fp/hard\libc_nano.a(libc_a-lock.o)
                0x10020695                __lock___sfp_recursive_mutex
 *(COMMON)
                0x10020698                        . = ALIGN (0x4)
 *fill*         0x10020696        0x2 
                0x10020698                        _ebss = .
                0x10020698                        __bss_end__ = _ebss

._user_heap_stack
                0x10020698      0x600 load address 0x1000b6e0
                0x10020698                        . = ALIGN (0x8)
                [!provide]                        PROVIDE (end = .)