../Core/Inc/wire.h:22:13:set_baudrate	16	static
../Core/Inc/wire.h:53:19:wire_reset	16	static
../Core/Inc/wire.h:65:13:write_bit	24	static
../Core/Inc/wire.h:78:12:read_bit	16	static
../Core/Inc/wire.h:87:9:wire_read	16	static
../Core/Inc/wire.h:100:6:wire_write	24	static
../Core/Inc/wire.h:110:16:byte_crc	24	static
../Core/Inc/wire.h:122:9:wire_crc	24	static
../Core/Inc/wire.h:134:19:ds18b20_init	8	static
../Core/Inc/wire.h:139:19:ds18b20_read_address	32	static
../Core/Inc/wire.h:154:26:send_cmd	24	static
../Core/Inc/wire.h:171:19:ds18b20_start_measure	16	static
../Core/Inc/wire.h:176:26:ds18b20_read_scratchpad	32	static
../Core/Inc/wire.h:190:7:ds18b20_get_temp	32	static
../Core/Src/main.c:93:5:main	8	static
../Core/Src/main.c:259:6:SystemClock_Config	336	static
../Core/Src/main.c:330:6:VIRT_UART0_RxCpltCallback	96	static
../Core/Src/main.c:402:6:VIRT_UART1_RxCpltCallback	16	static
../Core/Src/main.c:413:6:sim_flow	16	static
../Core/Src/main.c:436:6:sim_heating	32	static
../Core/Src/main.c:468:6:Error_Handler	4	static,ignoring_inline_asm
