../Core/Inc/wire.h:22:13:set_baudrate	5
../Core/Inc/wire.h:53:19:wire_reset	2
../Core/Inc/wire.h:65:13:write_bit	2
../Core/Inc/wire.h:78:12:read_bit	1
../Core/Inc/wire.h:87:9:wire_read	3
../Core/Inc/wire.h:100:6:wire_write	2
../Core/Inc/wire.h:110:16:byte_crc	3
../Core/Inc/wire.h:122:9:wire_crc	2
../Core/Inc/wire.h:134:19:ds18b20_init	1
../Core/Inc/wire.h:139:19:ds18b20_read_address	4
../Core/Inc/wire.h:154:26:send_cmd	4
../Core/Inc/wire.h:171:19:ds18b20_start_measure	1
../Core/Inc/wire.h:176:26:ds18b20_read_scratchpad	4
../Core/Inc/wire.h:190:7:ds18b20_get_temp	2
../Core/Src/main.c:93:5:main	6
../Core/Src/main.c:259:6:SystemClock_Config	3
../Core/Src/main.c:330:6:VIRT_UART0_RxCpltCallback	14
../Core/Src/main.c:402:6:VIRT_UART1_RxCpltCallback	1
../Core/Src/main.c:413:6:sim_flow	5
../Core/Src/main.c:436:6:sim_heating	2
../Core/Src/main.c:468:6:Error_Handler	1
